Archive member included to satisfy reference by file (symbol)

app/libapp.a(main.c.obj)      (--whole-archive)
zephyr/libzephyr.a(cbprintf.c.obj)
                              (--whole-archive)
zephyr/libzephyr.a(cbprintf_packaged.c.obj)
                              (--whole-archive)
zephyr/libzephyr.a(crc32c_sw.c.obj)
                              (--whole-archive)
zephyr/libzephyr.a(crc32_sw.c.obj)
                              (--whole-archive)
zephyr/libzephyr.a(crc16_sw.c.obj)
                              (--whole-archive)
zephyr/libzephyr.a(crc8_sw.c.obj)
                              (--whole-archive)
zephyr/libzephyr.a(crc7_sw.c.obj)
                              (--whole-archive)
zephyr/libzephyr.a(dec.c.obj)
                              (--whole-archive)
zephyr/libzephyr.a(fdtable.c.obj)
                              (--whole-archive)
zephyr/libzephyr.a(hex.c.obj)
                              (--whole-archive)
zephyr/libzephyr.a(notify.c.obj)
                              (--whole-archive)
zephyr/libzephyr.a(printk.c.obj)
                              (--whole-archive)
zephyr/libzephyr.a(onoff.c.obj)
                              (--whole-archive)
zephyr/libzephyr.a(rb.c.obj)  (--whole-archive)
zephyr/libzephyr.a(sem.c.obj)
                              (--whole-archive)
zephyr/libzephyr.a(thread_entry.c.obj)
                              (--whole-archive)
zephyr/libzephyr.a(timeutil.c.obj)
                              (--whole-archive)
zephyr/libzephyr.a(heap.c.obj)
                              (--whole-archive)
zephyr/libzephyr.a(heap-validate.c.obj)
                              (--whole-archive)
zephyr/libzephyr.a(bitarray.c.obj)
                              (--whole-archive)
zephyr/libzephyr.a(multi_heap.c.obj)
                              (--whole-archive)
zephyr/libzephyr.a(cbprintf_complete.c.obj)
                              (--whole-archive)
zephyr/libzephyr.a(assert.c.obj)
                              (--whole-archive)
zephyr/libzephyr.a(reboot.c.obj)
                              (--whole-archive)
zephyr/libzephyr.a(configs.c.obj)
                              (--whole-archive)
zephyr/libzephyr.a(soc.c.obj)
                              (--whole-archive)
zephyr/libzephyr.a(power.c.obj)
                              (--whole-archive)
zephyr/libzephyr.a(soc_nrf_common.S.obj)
                              (--whole-archive)
zephyr/libzephyr.a(validate_base_addresses.c.obj)
                              (--whole-archive)
zephyr/libzephyr.a(validate_enabled_instances.c.obj)
                              (--whole-archive)
zephyr/libzephyr.a(pm.c.obj)  (--whole-archive)
zephyr/libzephyr.a(policy.c.obj)
                              (--whole-archive)
zephyr/libzephyr.a(state.c.obj)
                              (--whole-archive)
zephyr/libzephyr.a(tracing_none.c.obj)
                              (--whole-archive)
zephyr/libzephyr.a(nrf_cc3xx_platform_abort_zephyr.c.obj)
                              (--whole-archive)
zephyr/libzephyr.a(nrf_cc3xx_platform_mutex_zephyr.c.obj)
                              (--whole-archive)
zephyr/arch/common/libarch__common.a(sw_isr_common.c.obj)
                              (--whole-archive)
zephyr/arch/arch/arm/core/aarch32/libarch__arm__core__aarch32.a(cpu_idle.S.obj)
                              (--whole-archive)
zephyr/arch/arch/arm/core/aarch32/libarch__arm__core__aarch32.a(fatal.c.obj)
                              (--whole-archive)
zephyr/arch/arch/arm/core/aarch32/libarch__arm__core__aarch32.a(irq_manage.c.obj)
                              (--whole-archive)
zephyr/arch/arch/arm/core/aarch32/libarch__arm__core__aarch32.a(nmi.c.obj)
                              (--whole-archive)
zephyr/arch/arch/arm/core/aarch32/libarch__arm__core__aarch32.a(nmi_on_reset.S.obj)
                              (--whole-archive)
zephyr/arch/arch/arm/core/aarch32/libarch__arm__core__aarch32.a(prep_c.c.obj)
                              (--whole-archive)
zephyr/arch/arch/arm/core/aarch32/libarch__arm__core__aarch32.a(swap.c.obj)
                              (--whole-archive)
zephyr/arch/arch/arm/core/aarch32/libarch__arm__core__aarch32.a(swap_helper.S.obj)
                              (--whole-archive)
zephyr/arch/arch/arm/core/aarch32/libarch__arm__core__aarch32.a(thread.c.obj)
                              (--whole-archive)
zephyr/arch/arch/arm/core/aarch32/libarch__arm__core__aarch32.a(isr_wrapper.S.obj)
                              (--whole-archive)
zephyr/arch/arch/arm/core/aarch32/cortex_m/libarch__arm__core__aarch32__cortex_m.a(exc_exit.S.obj)
                              (--whole-archive)
zephyr/arch/arch/arm/core/aarch32/cortex_m/libarch__arm__core__aarch32__cortex_m.a(fault.c.obj)
                              (--whole-archive)
zephyr/arch/arch/arm/core/aarch32/cortex_m/libarch__arm__core__aarch32__cortex_m.a(fault_s.S.obj)
                              (--whole-archive)
[...]
Memory Configuration

Name             Origin             Length             Attributes
FLASH            0x00000000         0x00100000         xr
SRAM             0x20000000         0x00070000         xw
IDT_LIST         0xfffff7ff         0x00000800         xw
*default*        0x00000000         0xffffffff

Linker script and memory map

LOAD zephyr/CMakeFiles/zephyr_pre0.dir/misc/empty_file.c.obj
                0x00000020                _region_min_align = 0x20

.rel.plt        0x00000000        0x0
 *(SORT_BY_ALIGNMENT(.rel.plt))
                [!provide]                PROVIDE (__rel_iplt_start = .)
 *(SORT_BY_ALIGNMENT(.rel.iplt))
 .rel.iplt      0x00000000        0x0 app/libapp.a(main.c.obj)
                [!provide]                PROVIDE (__rel_iplt_end = .)

.rela.plt       0x00000000        0x0
 *(SORT_BY_ALIGNMENT(.rela.plt))
                [!provide]                PROVIDE (__rela_iplt_start = .)
 *(SORT_BY_ALIGNMENT(.rela.iplt))
                [!provide]                PROVIDE (__rela_iplt_end = .)

.rel.dyn
 *(SORT_BY_ALIGNMENT(.rel.*))

.rela.dyn
 *(SORT_BY_ALIGNMENT(.rela.*))

/DISCARD/
 *(SORT_BY_ALIGNMENT(.plt))
 *(SORT_BY_ALIGNMENT(.iplt))
 *(SORT_BY_ALIGNMENT(.got.plt))
 *(SORT_BY_ALIGNMENT(.igot.plt))
 *(SORT_BY_ALIGNMENT(.got))
 *(SORT_BY_ALIGNMENT(.igot))
 *(SORT_BY_ALIGNMENT(.note.GNU-stack))
                0x00000000                __rom_region_start = 0x0

rom_start       0x00000000      0x154
                0x00000000                . = 0x0
                0x00000000                . = ALIGN (0x4)
                0x00000000                . = ALIGN (0x80)
                0x00000000                . = ALIGN (0x200)
                0x00000000                _vector_start = .
 *(SORT_BY_ALIGNMENT(.exc_vector_table))
 *(SORT_BY_ALIGNMENT(.exc_vector_table.*))
 .exc_vector_table._vector_table_section
                0x00000000       0x40 zephyr/arch/arch/arm/core/aarch32/cortex_m/libarch__arm__core__aarch32__cortex_m.a(vector_table.S.obj)
                0x00000000                _vector_table
 *(SORT_BY_ALIGNMENT(.gnu.linkonce.irq_vector_table*))
 .gnu.linkonce.irq_vector_table
                0x00000040      0x114 zephyr/arch/common/libisr_tables.a(isr_tables.c.obj)
                0x00000040                _irq_vector_table
 *(SORT_BY_ALIGNMENT(.vectors))
                0x00000154                _vector_end = .

text            0x00000154     0x51f0
                0x00000154                __text_region_start = .
 *(SORT_BY_ALIGNMENT(.text))
 .text          0x00000154       0x30 c:/nrf/v1.9.1/toolchain/opt/bin/../lib/gcc/arm-none-eabi/9.2.1/thumb/v8-m.main/nofp\libgcc.a(_aeabi_uldivmod.o)
                0x00000154                __aeabi_uldivmod
 .text          0x00000184      0x2c8 c:/nrf/v1.9.1/toolchain/opt/bin/../lib/gcc/arm-none-eabi/9.2.1/thumb/v8-m.main/nofp\libgcc.a(_udivmoddi4.o)
                0x00000184                __udivmoddi4
 .text          0x0000044c        0x4 c:/nrf/v1.9.1/toolchain/opt/bin/../lib/gcc/arm-none-eabi/9.2.1/thumb/v8-m.main/nofp\libgcc.a(_dvmd_tls.o)
                0x0000044c                __aeabi_idiv0
                0x0000044c                __aeabi_ldiv0
 *(SORT_BY_ALIGNMENT(.text.*))
 .text.main     0x00000450       0x4c app/libapp.a(main.c.obj)
                0x00000450                main
 .text.char_out
                0x0000049c       0x10 zephyr/libzephyr.a(printk.c.obj)
 .text.__printk_hook_install
                0x000004ac        0xc zephyr/libzephyr.a(printk.c.obj)
                0x000004ac                __printk_hook_install
 .text.vprintk  0x000004b8       0x1c zephyr/libzephyr.a(printk.c.obj)
                0x000004b8                vprintk
 .text.process_event
                0x000004d4      0x1cc zephyr/libzephyr.a(onoff.c.obj)
 .text.cbvprintf
                0x000006a0      0x780 zephyr/libzephyr.a(cbprintf_complete.c.obj)
                0x000006a0                cbvprintf
 .text.sys_reboot
                0x00000e20       0x28 zephyr/libzephyr.a(reboot.c.obj)
                0x00000e20                sys_reboot
 .text.nrf_gpio_pin_mcu_select.constprop.0
                0x00000e48       0x30 zephyr/libzephyr.a(soc.c.obj)
 .text.nordicsemi_nrf53_init
                0x00000e78       0x50 zephyr/libzephyr.a(soc.c.obj)
 .text.arch_busy_wait
                0x00000ec8       0x24 zephyr/libzephyr.a(soc.c.obj)
                0x00000ec8                arch_busy_wait
 .text.pm_state_set
                0x00000eec       0x1c zephyr/libzephyr.a(power.c.obj)
                0x00000eec                pm_state_set
 .text.pm_state_notify
                0x00000f08       0x64 zephyr/libzephyr.a(pm.c.obj)
 .text.atomic_clear_bit.constprop.0
                0x00000f6c       0x28 zephyr/libzephyr.a(pm.c.obj)
 .text.pm_system_resume
                0x00000f94       0x74 zephyr/libzephyr.a(pm.c.obj)
                0x00000f94                pm_system_resume
 .text.pm_system_suspend
                0x00001008       0xe0 zephyr/libzephyr.a(pm.c.obj)
                0x00001008                pm_system_suspend
 .text.pm_policy_state_lock_is_active
                0x000010e8       0x18 zephyr/libzephyr.a(policy.c.obj)
                0x000010e8                pm_policy_state_lock_is_active
 .text.pm_policy_next_state
                0x00001100       0x9c zephyr/libzephyr.a(policy.c.obj)
                0x00001100                pm_policy_next_state
 .text.pm_state_cpu_get_all
                0x0000119c       0x10 zephyr/libzephyr.a(state.c.obj)
                0x0000119c                pm_state_cpu_get_all
 .text.nrf_cc3xx_platform_abort_init
                0x000011ac        0xc zephyr/libzephyr.a(nrf_cc3xx_platform_abort_zephyr.c.obj)
                0x000011ac                nrf_cc3xx_platform_abort_init
 .text.mutex_unlock_platform
                0x000011b8       0x60 zephyr/libzephyr.a(nrf_cc3xx_platform_mutex_zephyr.c.obj)
 .text.mutex_free_platform
                0x00001218       0x48 zephyr/libzephyr.a(nrf_cc3xx_platform_mutex_zephyr.c.obj)
 .text.mutex_init_platform
                0x00001260       0x70 zephyr/libzephyr.a(nrf_cc3xx_platform_mutex_zephyr.c.obj)
 .text.mutex_lock_platform
                0x000012d0       0x68 zephyr/libzephyr.a(nrf_cc3xx_platform_mutex_zephyr.c.obj)
 .text.nrf_cc3xx_platform_mutex_init
                0x00001338       0x2c zephyr/libzephyr.a(nrf_cc3xx_platform_mutex_zephyr.c.obj)
                0x00001338                nrf_cc3xx_platform_mutex_init
 .text.z_arm_cpu_idle_init
                0x00001364        0xc zephyr/arch/arch/arm/core/aarch32/libarch__arm__core__aarch32.a(cpu_idle.S.obj)
                0x00001364                z_arm_cpu_idle_init
 .text.arch_cpu_idle
                0x00001370       0x1c zephyr/arch/arch/arm/core/aarch32/libarch__arm__core__aarch32.a(cpu_idle.S.obj)
                0x00001370                arch_cpu_idle
 .text.arch_cpu_atomic_idle
                0x0000138c       0x14 zephyr/arch/arch/arm/core/aarch32/libarch__arm__core__aarch32.a(cpu_idle.S.obj)
                0x0000138c                arch_cpu_atomic_idle
 .text.arch_irq_enable
                0x000013a0       0x20 zephyr/arch/arch/arm/core/aarch32/libarch__arm__core__aarch32.a(irq_manage.c.obj)
                0x000013a0                arch_irq_enable
 .text.arch_irq_is_enabled
                0x000013c0       0x1c zephyr/arch/arch/arm/core/aarch32/libarch__arm__core__aarch32.a(irq_manage.c.obj)
                0x000013c0                arch_irq_is_enabled
 .text.z_arm_irq_priority_set
                0x000013dc       0x2c zephyr/arch/arch/arm/core/aarch32/libarch__arm__core__aarch32.a(irq_manage.c.obj)
                0x000013dc                z_arm_irq_priority_set
 .text.z_SysNmiOnReset
                0x00001408        0x8 zephyr/arch/arch/arm/core/aarch32/libarch__arm__core__aarch32.a(nmi_on_reset.S.obj)
                0x00001408                z_SysNmiOnReset
 .text.z_arm_prep_c
                0x00001410       0x38 zephyr/arch/arch/arm/core/aarch32/libarch__arm__core__aarch32.a(prep_c.c.obj)
                0x00001410                z_arm_prep_c
 .text.arch_swap
                0x00001448       0x34 zephyr/arch/arch/arm/core/aarch32/libarch__arm__core__aarch32.a(swap.c.obj)
                0x00001448                arch_swap
 .text.z_arm_pendsv
                0x0000147c       0x58 zephyr/arch/arch/arm/core/aarch32/libarch__arm__core__aarch32.a(swap_helper.S.obj)
                0x0000147c                z_arm_pendsv
 .text.z_arm_svc
                0x000014d4       0x20 zephyr/arch/arch/arm/core/aarch32/libarch__arm__core__aarch32.a(swap_helper.S.obj)
                0x000014d4                z_arm_svc
 .text.arch_new_thread
                0x000014f4       0x38 zephyr/arch/arch/arm/core/aarch32/libarch__arm__core__aarch32.a(thread.c.obj)
                0x000014f4                arch_new_thread
 .text.arch_switch_to_main_thread
                0x0000152c       0x28 zephyr/arch/arch/arm/core/aarch32/libarch__arm__core__aarch32.a(thread.c.obj)
                0x0000152c                arch_switch_to_main_thread
 .text._isr_wrapper
                0x00001554       0x40 zephyr/arch/arch/arm/core/aarch32/libarch__arm__core__aarch32.a(isr_wrapper.S.obj)
                0x00001554                _isr_wrapper
 .text._HandlerModeExit
                0x00001594       0x1c zephyr/arch/arch/arm/core/aarch32/cortex_m/libarch__arm__core__aarch32__cortex_m.a(exc_exit.S.obj)
                0x00001594                z_arm_int_exit
                0x00001594                z_arm_exc_exit
 .text.mem_manage_fault.isra.0
                0x000015b0       0x50 zephyr/arch/arch/arm/core/aarch32/cortex_m/libarch__arm__core__aarch32__cortex_m.a(fault.c.obj)
 .text.bus_fault.isra.0
                0x00001600       0x3c zephyr/arch/arch/arm/core/aarch32/cortex_m/libarch__arm__core__aarch32__cortex_m.a(fault.c.obj)
 .text.usage_fault.isra.0
                0x0000163c       0x2c zephyr/arch/arch/arm/core/aarch32/cortex_m/libarch__arm__core__aarch32__cortex_m.a(fault.c.obj)
 .text.z_arm_fault
                0x00001668      0x108 zephyr/arch/arch/arm/core/aarch32/cortex_m/libarch__arm__core__aarch32__cortex_m.a(fault.c.obj)
                0x00001668                z_arm_fault
 .text.z_arm_fault_init
                0x00001770       0x18 zephyr/arch/arch/arm/core/aarch32/cortex_m/libarch__arm__core__aarch32__cortex_m.a(fault.c.obj)
                0x00001770                z_arm_fault_init
 .text.__fault  0x00001788       0x14 zephyr/arch/arch/arm/core/aarch32/cortex_m/libarch__arm__core__aarch32__cortex_m.a(fault_s.S.obj)
                0x00001788                z_arm_usage_fault
                0x00001788                z_arm_mpu_fault
                0x00001788                z_arm_exc_spurious
                0x00001788                z_arm_debug_monitor
                0x00001788                z_arm_hard_fault
                0x00001788                z_arm_bus_fault
 .text.z_arm_interrupt_init
                0x0000179c       0x18 zephyr/arch/arch/arm/core/aarch32/cortex_m/libarch__arm__core__aarch32__cortex_m.a(irq_init.c.obj)
                0x0000179c                z_arm_interrupt_init
 .text._reset_section
                0x000017b4       0x60 zephyr/arch/arch/arm/core/aarch32/cortex_m/libarch__arm__core__aarch32__cortex_m.a(reset.S.obj)
                0x000017b4                __start
                0x000017b4                z_arm_reset
 .text.sys_arch_reboot
                0x00001814       0x24 zephyr/arch/arch/arm/core/aarch32/cortex_m/libarch__arm__core__aarch32__cortex_m.a(scb.c.obj)
                0x00001814                sys_arch_reboot
 .text.z_arm_clear_arm_mpu_config
                0x00001838       0x20 zephyr/arch/arch/arm/core/aarch32/cortex_m/libarch__arm__core__aarch32__cortex_m.a(scb.c.obj)
                0x00001838                z_arm_clear_arm_mpu_config
 .text.z_arm_init_arch_hw_at_boot
                0x00001858       0x4c zephyr/arch/arch/arm/core/aarch32/cortex_m/libarch__arm__core__aarch32__cortex_m.a(scb.c.obj)
                0x00001858                z_arm_init_arch_hw_at_boot
 .text.z_impl_k_thread_abort
                0x000018a4       0x2c zephyr/arch/arch/arm/core/aarch32/cortex_m/libarch__arm__core__aarch32__cortex_m.a(thread_abort.c.obj)
                0x000018a4                z_impl_k_thread_abort
 .text.z_arm_configure_static_mpu_regions
                0x000018d0       0x38 zephyr/arch/arch/arm/core/aarch32/mpu/libarch__arm__core__aarch32__mpu.a(arm_core_mpu.c.obj)
                0x000018d0                z_arm_configure_static_mpu_regions
 .text.region_init
                0x00001908       0x30 zephyr/arch/arch/arm/core/aarch32/mpu/libarch__arm__core__aarch32__mpu.a(arm_mpu.c.obj)
 .text.mpu_configure_regions_and_partition.constprop.0
                0x00001938      0x13c zephyr/arch/arch/arm/core/aarch32/mpu/libarch__arm__core__aarch32__mpu.a(arm_mpu.c.obj)
 .text.arm_core_mpu_enable
                0x00001a74       0x14 zephyr/arch/arch/arm/core/aarch32/mpu/libarch__arm__core__aarch32__mpu.a(arm_mpu.c.obj)
                0x00001a74                arm_core_mpu_enable
 .text.arm_core_mpu_disable
                0x00001a88       0x10 zephyr/arch/arch/arm/core/aarch32/mpu/libarch__arm__core__aarch32__mpu.a(arm_mpu.c.obj)
                0x00001a88                arm_core_mpu_disable
 .text.arm_core_mpu_configure_static_mpu_regions
                0x00001a98       0x14 zephyr/arch/arch/arm/core/aarch32/mpu/libarch__arm__core__aarch32__mpu.a(arm_mpu.c.obj)
                0x00001a98                arm_core_mpu_configure_static_mpu_regions
 .text.arm_core_mpu_mark_areas_for_dynamic_regions
                0x00001aac       0xac zephyr/arch/arch/arm/core/aarch32/mpu/libarch__arm__core__aarch32__mpu.a(arm_mpu.c.obj)
                0x00001aac                arm_core_mpu_mark_areas_for_dynamic_regions
 .text.z_arm_mpu_init
                0x00001b58       0x4c zephyr/arch/arch/arm/core/aarch32/mpu/libarch__arm__core__aarch32__mpu.a(arm_mpu.c.obj)
                0x00001b58                z_arm_mpu_init
 .text.__stdout_hook_install
                0x00001ba4        0xc zephyr/lib/libc/minimal/liblib__libc__minimal.a(stdout_console.c.obj)
                0x00001ba4                __stdout_hook_install
 .text.onoff_stop
                0x00001bb0       0x48 zephyr/drivers/clock_control/libdrivers__clock_control.a(clock_control_nrf.c.obj)
 .text.onoff_start
                0x00001bf8       0x58 zephyr/drivers/clock_control/libdrivers__clock_control.a(clock_control_nrf.c.obj)
 .text.clk_init
                0x00001c50       0x64 zephyr/drivers/clock_control/libdrivers__clock_control.a(clock_control_nrf.c.obj)
 .text.clkstarted_handle.constprop.0
                0x00001cb4       0x34 zephyr/drivers/clock_control/libdrivers__clock_control.a(clock_control_nrf.c.obj)
 .text.clock_event_handler
                0x00001ce8       0x30 zephyr/drivers/clock_control/libdrivers__clock_control.a(clock_control_nrf.c.obj)
 .text.generic_hfclk_start
                0x00001d18       0x64 zephyr/drivers/clock_control/libdrivers__clock_control.a(clock_control_nrf.c.obj)
 .text.generic_hfclk_stop
                0x00001d7c       0x24 zephyr/drivers/clock_control/libdrivers__clock_control.a(clock_control_nrf.c.obj)
 .text.api_blocking_start
                0x00001da0       0x34 zephyr/drivers/clock_control/libdrivers__clock_control.a(clock_control_nrf.c.obj)
 .text.z_nrf_clock_control_lf_on
                0x00001dd4      0x10c zephyr/drivers/clock_control/libdrivers__clock_control.a(clock_control_nrf.c.obj)
                0x00001dd4                z_nrf_clock_control_lf_on
 .text.uart_console_init
                0x00001ee0       0x30 zephyr/drivers/console/libdrivers__console.a(uart_console.c.obj)
 .text.console_out
                0x00001f10       0x28 zephyr/drivers/console/libdrivers__console.a(uart_console.c.obj)
 .text.nrfx_gpio_handler
                0x00001f38       0x54 zephyr/drivers/gpio/libdrivers__gpio.a(gpio_nrfx.c.obj)
 .text.gpio_nrfx_pin_interrupt_configure
                0x00001f8c       0xd8 zephyr/drivers/gpio/libdrivers__gpio.a(gpio_nrfx.c.obj)
 .text.gpio_nrfx_init
                0x00002064       0x38 zephyr/drivers/gpio/libdrivers__gpio.a(gpio_nrfx.c.obj)
 .text.gpio_nrfx_pin_configure
                0x0000209c      0x154 zephyr/drivers/gpio/libdrivers__gpio.a(gpio_nrfx.c.obj)
 .text.uarte_nrfx_configure
                0x000021f0      0x17c zephyr/drivers/serial/libdrivers__serial.a(uart_nrfx_uarte.c.obj)
 .text.uarte_0_init
                0x0000236c       0xf0 zephyr/drivers/serial/libdrivers__serial.a(uart_nrfx_uarte.c.obj)
 .text.uarte_nrfx_poll_out
                0x0000245c       0xc8 zephyr/drivers/serial/libdrivers__serial.a(uart_nrfx_uarte.c.obj)
 .text.sys_clock_timeout_handler
                0x00002524       0x78 zephyr/drivers/timer/libdrivers__timer.a(nrf_rtc_timer.c.obj)
 .text.compare_int_lock
                0x0000259c       0x44 zephyr/drivers/timer/libdrivers__timer.a(nrf_rtc_timer.c.obj)
 .text.compare_int_unlock.part.0
                0x000025e0       0x4c zephyr/drivers/timer/libdrivers__timer.a(nrf_rtc_timer.c.obj)
 .text.z_nrf_rtc_timer_read
                0x0000262c       0x44 zephyr/drivers/timer/libdrivers__timer.a(nrf_rtc_timer.c.obj)
                0x0000262c                z_nrf_rtc_timer_read
 .text.compare_set
                0x00002670      0x140 zephyr/drivers/timer/libdrivers__timer.a(nrf_rtc_timer.c.obj)
 .text.sys_clock_driver_init
                0x000027b0       0x84 zephyr/drivers/timer/libdrivers__timer.a(nrf_rtc_timer.c.obj)
 .text.rtc_nrf_isr
                0x00002834       0xe8 zephyr/drivers/timer/libdrivers__timer.a(nrf_rtc_timer.c.obj)
                0x00002834                rtc_nrf_isr
 .text.sys_clock_set_timeout
                0x0000291c       0x60 zephyr/drivers/timer/libdrivers__timer.a(nrf_rtc_timer.c.obj)
                0x0000291c                sys_clock_set_timeout
 .text.sys_clock_elapsed
                0x0000297c       0x14 zephyr/drivers/timer/libdrivers__timer.a(nrf_rtc_timer.c.obj)
                0x0000297c                sys_clock_elapsed
 .text.nrf_pin_configure
                0x00002990       0x50 zephyr/drivers/pinctrl/libdrivers__pinctrl.a(pinctrl_nrf.c.obj)
 .text.nrf_gpio_pin_clear
                0x000029e0       0x24 zephyr/drivers/pinctrl/libdrivers__pinctrl.a(pinctrl_nrf.c.obj)
 .text.nrf_gpio_pin_set
                0x00002a04       0x24 zephyr/drivers/pinctrl/libdrivers__pinctrl.a(pinctrl_nrf.c.obj)
 .text.nrf53_errata_42
                0x00002a28       0x24 modules/hal_nordic/nrfx/libmodules__hal_nordic__nrfx.a(system_nrf5340_application.c.obj)
 .text.SystemCoreClockUpdate
                0x00002a4c       0x20 modules/hal_nordic/nrfx/libmodules__hal_nordic__nrfx.a(system_nrf5340_application.c.obj)
                0x00002a4c                SystemCoreClockUpdate
 .text.SystemInit
                0x00002a6c      0x120 modules/hal_nordic/nrfx/libmodules__hal_nordic__nrfx.a(system_nrf5340_application.c.obj)
                0x00002a6c                SystemInit
 .text.nrfx_flag32_alloc
                0x00002b8c       0x44 modules/hal_nordic/nrfx/libmodules__hal_nordic__nrfx.a(nrfx_flag32_allocator.c.obj)
                0x00002b8c                nrfx_flag32_alloc
 .text.nrfx_flag32_free
                0x00002bd0       0x3c modules/hal_nordic/nrfx/libmodules__hal_nordic__nrfx.a(nrfx_flag32_allocator.c.obj)
                0x00002bd0                nrfx_flag32_free
 .text.clock_stop
                0x00002c0c      0x108 modules/hal_nordic/nrfx/libmodules__hal_nordic__nrfx.a(nrfx_clock.c.obj)
 .text.nrfx_clock_init
                0x00002d14       0x20 modules/hal_nordic/nrfx/libmodules__hal_nordic__nrfx.a(nrfx_clock.c.obj)
                0x00002d14                nrfx_clock_init
 .text.nrfx_clock_start
                0x00002d34       0xcc modules/hal_nordic/nrfx/libmodules__hal_nordic__nrfx.a(nrfx_clock.c.obj)
                0x00002d34                nrfx_clock_start
 .text.nrfx_power_clock_irq_handler
                0x00002e00       0xb0 modules/hal_nordic/nrfx/libmodules__hal_nordic__nrfx.a(nrfx_clock.c.obj)
                0x00002e00                nrfx_power_clock_irq_handler
 .text.nrfx_dppi_channel_alloc
                0x00002eb0        0xc modules/hal_nordic/nrfx/libmodules__hal_nordic__nrfx.a(nrfx_dppi.c.obj)
                0x00002eb0                nrfx_dppi_channel_alloc
 .text.nrf_gpio_pin_port_decode
                0x00002ebc       0x20 modules/hal_nordic/nrfx/libmodules__hal_nordic__nrfx.a(nrfx_gpiote.c.obj)
 .text.call_handler
                0x00002edc       0x3c modules/hal_nordic/nrfx/libmodules__hal_nordic__nrfx.a(nrfx_gpiote.c.obj)
 .text.release_handler
                0x00002f18       0x54 modules/hal_nordic/nrfx/libmodules__hal_nordic__nrfx.a(nrfx_gpiote.c.obj)
 .text.pin_handler_trigger_uninit
                0x00002f6c       0x38 modules/hal_nordic/nrfx/libmodules__hal_nordic__nrfx.a(nrfx_gpiote.c.obj)
 .text.nrfx_gpiote_input_configure
                0x00002fa4      0x158 modules/hal_nordic/nrfx/libmodules__hal_nordic__nrfx.a(nrfx_gpiote.c.obj)
                0x00002fa4                nrfx_gpiote_input_configure
 .text.nrfx_gpiote_output_configure
                0x000030fc       0xe4 modules/hal_nordic/nrfx/libmodules__hal_nordic__nrfx.a(nrfx_gpiote.c.obj)
                0x000030fc                nrfx_gpiote_output_configure
 .text.nrfx_gpiote_global_callback_set
                0x000031e0        0xc modules/hal_nordic/nrfx/libmodules__hal_nordic__nrfx.a(nrfx_gpiote.c.obj)
                0x000031e0                nrfx_gpiote_global_callback_set
 .text.nrfx_gpiote_channel_get
                0x000031ec       0x24 modules/hal_nordic/nrfx/libmodules__hal_nordic__nrfx.a(nrfx_gpiote.c.obj)
                0x000031ec                nrfx_gpiote_channel_get
 .text.nrfx_gpiote_init
                0x00003210       0x50 modules/hal_nordic/nrfx/libmodules__hal_nordic__nrfx.a(nrfx_gpiote.c.obj)
                0x00003210                nrfx_gpiote_init
 .text.nrfx_gpiote_is_init
                0x00003260       0x14 modules/hal_nordic/nrfx/libmodules__hal_nordic__nrfx.a(nrfx_gpiote.c.obj)
                0x00003260                nrfx_gpiote_is_init
 .text.nrfx_gpiote_channel_free
                0x00003274        0xc modules/hal_nordic/nrfx/libmodules__hal_nordic__nrfx.a(nrfx_gpiote.c.obj)
                0x00003274                nrfx_gpiote_channel_free
 .text.nrfx_gpiote_channel_alloc
                0x00003280        0xc modules/hal_nordic/nrfx/libmodules__hal_nordic__nrfx.a(nrfx_gpiote.c.obj)
                0x00003280                nrfx_gpiote_channel_alloc
 .text.nrfx_gpiote_trigger_enable
                0x0000328c       0x88 modules/hal_nordic/nrfx/libmodules__hal_nordic__nrfx.a(nrfx_gpiote.c.obj)
                0x0000328c                nrfx_gpiote_trigger_enable
 .text.nrfx_gpiote_trigger_disable
                0x00003314       0x44 modules/hal_nordic/nrfx/libmodules__hal_nordic__nrfx.a(nrfx_gpiote.c.obj)
                0x00003314                nrfx_gpiote_trigger_disable
 .text.nrfx_gpiote_pin_uninit
                0x00003358       0x50 modules/hal_nordic/nrfx/libmodules__hal_nordic__nrfx.a(nrfx_gpiote.c.obj)
                0x00003358                nrfx_gpiote_pin_uninit
 .text.nrfx_gpiote_irq_handler
                0x000033a8      0x1a0 modules/hal_nordic/nrfx/libmodules__hal_nordic__nrfx.a(nrfx_gpiote.c.obj)
                0x000033a8                nrfx_gpiote_irq_handler
 .text.z_sys_init_run_level
                0x00003548       0x40 zephyr/kernel/libkernel.a(device.c.obj)
                0x00003548                z_sys_init_run_level
 .text.bg_thread_main
                0x00003588       0x34 zephyr/kernel/libkernel.a(init.c.obj)
 .text.z_bss_zero
                0x000035bc       0x18 zephyr/kernel/libkernel.a(init.c.obj)
                0x000035bc                z_bss_zero
 .text.z_init_cpu
                0x000035d4       0x68 zephyr/kernel/libkernel.a(init.c.obj)
                0x000035d4                z_init_cpu
 .text.z_cstart
                0x0000363c       0xd4 zephyr/kernel/libkernel.a(init.c.obj)
                0x0000363c                z_cstart
 .text.init_mem_slab_module
                0x00003710       0x44 zephyr/kernel/libkernel.a(mem_slab.c.obj)
 .text.k_mem_slab_alloc
                0x00003754       0x60 zephyr/kernel/libkernel.a(mem_slab.c.obj)
                0x00003754                k_mem_slab_alloc
 .text.z_setup_new_thread
                0x000037b4       0x60 zephyr/kernel/libkernel.a(thread.c.obj)
                0x000037b4                z_setup_new_thread
 .text.z_init_static_threads
                0x00003814       0xbc zephyr/kernel/libkernel.a(thread.c.obj)
                0x00003814                z_init_static_threads
 .text.idle     0x000038d0       0x38 zephyr/kernel/libkernel.a(idle.c.obj)
                0x000038d0                idle
 .text.z_impl_k_mutex_lock
                0x00003908       0xfc zephyr/kernel/libkernel.a(mutex.c.obj)
                0x00003908                z_impl_k_mutex_lock
 .text.z_impl_k_mutex_unlock
                0x00003a04       0x8c zephyr/kernel/libkernel.a(mutex.c.obj)
                0x00003a04                z_impl_k_mutex_unlock
 .text.z_impl_k_sem_give
                0x00003a90       0x40 zephyr/kernel/libkernel.a(sem.c.obj)
                0x00003a90                z_impl_k_sem_give
 .text.z_impl_k_sem_take
                0x00003ad0       0x54 zephyr/kernel/libkernel.a(sem.c.obj)
                0x00003ad0                z_impl_k_sem_take
 .text.z_reset_time_slice
                0x00003b24       0x28 zephyr/kernel/libkernel.a(sched.c.obj)
                0x00003b24                z_reset_time_slice
 .text.k_sched_time_slice_set
                0x00003b4c       0x64 zephyr/kernel/libkernel.a(sched.c.obj)
                0x00003b4c                k_sched_time_slice_set
 .text.z_reschedule
                0x00003bb0       0x24 zephyr/kernel/libkernel.a(sched.c.obj)
                0x00003bb0                z_reschedule
 .text.k_sched_lock
                0x00003bd4       0x28 zephyr/kernel/libkernel.a(sched.c.obj)
                0x00003bd4                k_sched_lock
 .text.update_cache
                0x00003bfc       0x40 zephyr/kernel/libkernel.a(sched.c.obj)
 .text.move_thread_to_end_of_prio_q
                0x00003c3c       0x7c zephyr/kernel/libkernel.a(sched.c.obj)
 .text.z_time_slice
                0x00003cb8       0x88 zephyr/kernel/libkernel.a(sched.c.obj)
                0x00003cb8                z_time_slice
 .text.ready_thread
                0x00003d40       0x70 zephyr/kernel/libkernel.a(sched.c.obj)
 .text.z_sched_start
                0x00003db0       0x3c zephyr/kernel/libkernel.a(sched.c.obj)
                0x00003db0                z_sched_start
 .text.unready_thread
                0x00003dec       0x30 zephyr/kernel/libkernel.a(sched.c.obj)
 .text.pend     0x00003e1c       0x4c zephyr/kernel/libkernel.a(sched.c.obj)
 .text.z_pend_curr
                0x00003e68       0x28 zephyr/kernel/libkernel.a(sched.c.obj)
                0x00003e68                z_pend_curr
 .text.z_set_prio
                0x00003e90       0x98 zephyr/kernel/libkernel.a(sched.c.obj)
                0x00003e90                z_set_prio
 .text.z_impl_k_thread_suspend
                0x00003f28       0x64 zephyr/kernel/libkernel.a(sched.c.obj)
                0x00003f28                z_impl_k_thread_suspend
 .text.k_sched_unlock
                0x00003f8c       0x38 zephyr/kernel/libkernel.a(sched.c.obj)
                0x00003f8c                k_sched_unlock
 .text.z_sched_init
                0x00003fc4       0x18 zephyr/kernel/libkernel.a(sched.c.obj)
                0x00003fc4                z_sched_init
 .text.z_impl_k_yield
                0x00003fdc       0x84 zephyr/kernel/libkernel.a(sched.c.obj)
                0x00003fdc                z_impl_k_yield
 .text.z_tick_sleep
                0x00004060       0x98 zephyr/kernel/libkernel.a(sched.c.obj)
 .text.z_impl_k_sleep
                0x000040f8       0x34 zephyr/kernel/libkernel.a(sched.c.obj)
                0x000040f8                z_impl_k_sleep
 .text.z_impl_z_current_get
                0x0000412c        0xc zephyr/kernel/libkernel.a(sched.c.obj)
                0x0000412c                z_impl_z_current_get
 .text.z_thread_abort
                0x00004138       0xa4 zephyr/kernel/libkernel.a(sched.c.obj)
                0x00004138                z_thread_abort
 .text.z_data_copy
                0x000041dc       0x34 zephyr/kernel/libkernel.a(xip.c.obj)
                0x000041dc                z_data_copy
 .text.elapsed  0x00004210       0x14 zephyr/kernel/libkernel.a(timeout.c.obj)
 .text.remove_timeout
                0x00004224       0x34 zephyr/kernel/libkernel.a(timeout.c.obj)
 .text.next_timeout
                0x00004258       0x50 zephyr/kernel/libkernel.a(timeout.c.obj)
 .text.z_add_timeout
                0x000042a8      0x110 zephyr/kernel/libkernel.a(timeout.c.obj)
                0x000042a8                z_add_timeout
 .text.sys_clock_announce
                0x000043b8       0xd4 zephyr/kernel/libkernel.a(timeout.c.obj)
                0x000043b8                sys_clock_announce
 .text.sys_clock_tick_get
                0x0000448c       0x34 zephyr/kernel/libkernel.a(timeout.c.obj)
                0x0000448c                sys_clock_tick_get
 .text.boot_banner
                0x000044c0       0x18 zephyr/kernel/libkernel.a(banner.c.obj)
                0x000044c0                boot_banner
 .text.nrf_cc3xx_platform_init_no_rng
                0x000044d8       0x38 C:/nrf_workspace/test_git3/nrfxlib/crypto/nrf_cc312_platform/lib/cortex-m33/soft-float/no-interrupts/libnrf_cc312_platform_0.9.14.a(nrf_cc3xx_platform.c.obj)
                0x000044d8                nrf_cc3xx_platform_init_no_rng
 .text.nrf_cc3xx_platform_abort
                0x00004510       0x24 C:/nrf_workspace/test_git3/nrfxlib/crypto/nrf_cc312_platform/lib/cortex-m33/soft-float/no-interrupts/libnrf_cc312_platform_0.9.14.a(nrf_cc3xx_platform_abort.c.obj)
 .text.CC_PalAbort
                0x00004534       0x44 C:/nrf_workspace/test_git3/nrfxlib/crypto/nrf_cc312_platform/lib/cortex-m33/soft-float/no-interrupts/libnrf_cc312_platform_0.9.14.a(nrf_cc3xx_platform_abort.c.obj)
                0x00004534                CC_PalAbort
 .text.nrf_cc3xx_platform_set_abort
                0x00004578       0x10 C:/nrf_workspace/test_git3/nrfxlib/crypto/nrf_cc312_platform/lib/cortex-m33/soft-float/no-interrupts/libnrf_cc312_platform_0.9.14.a(nrf_cc3xx_platform_abort.c.obj)
                0x00004578                nrf_cc3xx_platform_set_abort
 .text.mutex_free
                0x00004588       0x28 C:/nrf_workspace/test_git3/nrfxlib/crypto/nrf_cc312_platform/lib/cortex-m33/soft-float/no-interrupts/libnrf_cc312_platform_0.9.14.a(nrf_cc3xx_platform_mutex.c.obj)
 .text.mutex_lock
                0x000045b0       0x40 C:/nrf_workspace/test_git3/nrfxlib/crypto/nrf_cc312_platform/lib/cortex-m33/soft-float/no-interrupts/libnrf_cc312_platform_0.9.14.a(nrf_cc3xx_platform_mutex.c.obj)
 .text.mutex_unlock
                0x000045f0       0x30 C:/nrf_workspace/test_git3/nrfxlib/crypto/nrf_cc312_platform/lib/cortex-m33/soft-float/no-interrupts/libnrf_cc312_platform_0.9.14.a(nrf_cc3xx_platform_mutex.c.obj)
 .text.mutex_init
                0x00004620       0x1c C:/nrf_workspace/test_git3/nrfxlib/crypto/nrf_cc312_platform/lib/cortex-m33/soft-float/no-interrupts/libnrf_cc312_platform_0.9.14.a(nrf_cc3xx_platform_mutex.c.obj)
 .text.nrf_cc3xx_platform_set_mutexes
                0x0000463c       0x68 C:/nrf_workspace/test_git3/nrfxlib/crypto/nrf_cc312_platform/lib/cortex-m33/soft-float/no-interrupts/libnrf_cc312_platform_0.9.14.a(nrf_cc3xx_platform_mutex.c.obj)
                0x0000463c                nrf_cc3xx_platform_set_mutexes
 .text.CC_LibInitNoRng
                0x000046a4       0x28 C:/nrf_workspace/test_git3/nrfxlib/crypto/nrf_cc312_platform/lib/cortex-m33/soft-float/no-interrupts/libnrf_cc312_platform_0.9.14.a(cc_lib.c.obj)
                0x000046a4                CC_LibInitNoRng
 .text.CC_HalInit
                0x000046cc        0x4 C:/nrf_workspace/test_git3/nrfxlib/crypto/nrf_cc312_platform/lib/cortex-m33/soft-float/no-interrupts/libnrf_cc312_platform_0.9.14.a(cc_hal.c.obj)
                0x000046cc                CC_HalInit
 .text.CC_PalInit
                0x000046d0       0x5c C:/nrf_workspace/test_git3/nrfxlib/crypto/nrf_cc312_platform/lib/cortex-m33/soft-float/no-interrupts/libnrf_cc312_platform_0.9.14.a(cc_pal.c.obj)
                0x000046d0                CC_PalInit
 .text.CC_PalTerminate
                0x0000472c       0x34 C:/nrf_workspace/test_git3/nrfxlib/crypto/nrf_cc312_platform/lib/cortex-m33/soft-float/no-interrupts/libnrf_cc312_platform_0.9.14.a(cc_pal.c.obj)
                0x0000472c                CC_PalTerminate
 .text.CC_PalDmaInit
                0x00004760        0x4 C:/nrf_workspace/test_git3/nrfxlib/crypto/nrf_cc312_platform/lib/cortex-m33/soft-float/no-interrupts/libnrf_cc312_platform_0.9.14.a(cc_pal_dma.c.obj)
                0x00004760                CC_PalDmaInit
 .text.CC_PalDmaTerminate
                0x00004764        0x4 C:/nrf_workspace/test_git3/nrfxlib/crypto/nrf_cc312_platform/lib/cortex-m33/soft-float/no-interrupts/libnrf_cc312_platform_0.9.14.a(cc_pal_dma.c.obj)
                0x00004764                CC_PalDmaTerminate
 .text.CC_PalMutexCreate
                0x00004768       0x14 C:/nrf_workspace/test_git3/nrfxlib/crypto/nrf_cc312_platform/lib/cortex-m33/soft-float/no-interrupts/libnrf_cc312_platform_0.9.14.a(cc_pal_mutex.c.obj)
                0x00004768                CC_PalMutexCreate
 .text.CC_PalMutexDestroy
                0x0000477c       0x14 C:/nrf_workspace/test_git3/nrfxlib/crypto/nrf_cc312_platform/lib/cortex-m33/soft-float/no-interrupts/libnrf_cc312_platform_0.9.14.a(cc_pal_mutex.c.obj)
                0x0000477c                CC_PalMutexDestroy
 .text.CC_PalPowerSaveModeInit
                0x00004790       0x3c C:/nrf_workspace/test_git3/nrfxlib/crypto/nrf_cc312_platform/lib/cortex-m33/soft-float/no-interrupts/libnrf_cc312_platform_0.9.14.a(cc_pal_pm.c.obj)
                0x00004790                CC_PalPowerSaveModeInit
 .text.sys_notify_validate
                0x000047cc       0x22 zephyr/libzephyr.a(notify.c.obj)
                0x000047cc                sys_notify_validate
 .text.sys_notify_finalize
                0x000047ee       0x1a zephyr/libzephyr.a(notify.c.obj)
                0x000047ee                sys_notify_finalize
 .text.arch_printk_char_out
                0x00004808        0x4 zephyr/libzephyr.a(printk.c.obj)
                0x00004808                arch_printk_char_out
 .text.printk   0x0000480c       0x1a zephyr/libzephyr.a(printk.c.obj)
                0x0000480c                printk
 .text.process_recheck
                0x00004826       0x38 zephyr/libzephyr.a(onoff.c.obj)
 .text.notify_one
                0x0000485e       0x2c zephyr/libzephyr.a(onoff.c.obj)
 .text.transition_complete
                0x0000488a       0x1c zephyr/libzephyr.a(onoff.c.obj)
 .text.validate_args
                0x000048a6       0x1e zephyr/libzephyr.a(onoff.c.obj)
 .text.onoff_manager_init
                0x000048c4       0x26 zephyr/libzephyr.a(onoff.c.obj)
                0x000048c4                onoff_manager_init
 .text.onoff_request
                0x000048ea       0x92 zephyr/libzephyr.a(onoff.c.obj)
                0x000048ea                onoff_request
 .text.z_thread_entry
                0x0000497c       0x14 zephyr/libzephyr.a(thread_entry.c.obj)
                0x0000497c                z_thread_entry
 .text.encode_uint
                0x00004990       0x96 zephyr/libzephyr.a(cbprintf_complete.c.obj)
 .text.outs     0x00004a26       0x2c zephyr/libzephyr.a(cbprintf_complete.c.obj)
 .text._ConfigAbsSyms
                0x00004a52        0x2 zephyr/libzephyr.a(configs.c.obj)
                0x00004a52                _ConfigAbsSyms
 .text.pm_state_exit_post_ops
                0x00004a54        0xc zephyr/libzephyr.a(power.c.obj)
                0x00004a54                pm_state_exit_post_ops
 .text.abort_function
                0x00004a60        0x8 zephyr/libzephyr.a(nrf_cc3xx_platform_abort_zephyr.c.obj)
 .text.z_arm_fatal_error
                0x00004a68        0x4 zephyr/arch/arch/arm/core/aarch32/libarch__arm__core__aarch32.a(fatal.c.obj)
                0x00004a68                z_arm_fatal_error
 .text.z_do_kernel_oops
                0x00004a6c        0x8 zephyr/arch/arch/arm/core/aarch32/libarch__arm__core__aarch32.a(fatal.c.obj)
                0x00004a6c                z_do_kernel_oops
 .text.z_irq_spurious
                0x00004a74        0x8 zephyr/arch/arch/arm/core/aarch32/libarch__arm__core__aarch32.a(irq_manage.c.obj)
                0x00004a74                z_irq_spurious
 .text.z_arm_nmi
                0x00004a7c        0xe zephyr/arch/arch/arm/core/aarch32/libarch__arm__core__aarch32.a(nmi.c.obj)
                0x00004a7c                z_arm_nmi
 .text.configure_builtin_stack_guard
                0x00004a8a        0x8 zephyr/arch/arch/arm/core/aarch32/libarch__arm__core__aarch32.a(thread.c.obj)
                0x00004a8a                configure_builtin_stack_guard
 .text.arm_cmse_mpu_region_get
                0x00004a92       0x12 zephyr/arch/arch/arm/core/aarch32/cortex_m/cmse/libarch__arm__core__aarch32__cortex_m__cmse.a(arm_core_cmse.c.obj)
                0x00004a92                arm_cmse_mpu_region_get
 .text.mpu_configure_region
                0x00004aa4       0x3a zephyr/arch/arch/arm/core/aarch32/mpu/libarch__arm__core__aarch32__mpu.a(arm_mpu.c.obj)
 .text.strlen   0x00004ade        0xe zephyr/lib/libc/minimal/liblib__libc__minimal.a(string.c.obj)
                0x00004ade                strlen
 .text.strnlen  0x00004aec       0x12 zephyr/lib/libc/minimal/liblib__libc__minimal.a(string.c.obj)
                0x00004aec                strnlen
 .text.memcpy   0x00004afe       0x16 zephyr/lib/libc/minimal/liblib__libc__minimal.a(string.c.obj)
                0x00004afe                memcpy
 .text.memset   0x00004b14       0x12 zephyr/lib/libc/minimal/liblib__libc__minimal.a(string.c.obj)
                0x00004b14                memset
 .text._stdout_hook_default
                0x00004b26        0x6 zephyr/lib/libc/minimal/liblib__libc__minimal.a(stdout_console.c.obj)
 .text.get_status
                0x00004b2c       0x12 zephyr/drivers/clock_control/libdrivers__clock_control.a(clock_control_nrf.c.obj)
 .text.set_off_state
                0x00004b3e       0x32 zephyr/drivers/clock_control/libdrivers__clock_control.a(clock_control_nrf.c.obj)
 .text.set_starting_state
                0x00004b70       0x3c zephyr/drivers/clock_control/libdrivers__clock_control.a(clock_control_nrf.c.obj)
 .text.set_on_state
                0x00004bac       0x26 zephyr/drivers/clock_control/libdrivers__clock_control.a(clock_control_nrf.c.obj)
 .text.onoff_started_callback
                0x00004bd2       0x12 zephyr/drivers/clock_control/libdrivers__clock_control.a(clock_control_nrf.c.obj)
 .text.hfclkaudio_start
                0x00004be4        0x6 zephyr/drivers/clock_control/libdrivers__clock_control.a(clock_control_nrf.c.obj)
 .text.hfclk192m_start
                0x00004bea        0x6 zephyr/drivers/clock_control/libdrivers__clock_control.a(clock_control_nrf.c.obj)
 .text.lfclk_start
                0x00004bf0        0x6 zephyr/drivers/clock_control/libdrivers__clock_control.a(clock_control_nrf.c.obj)
 .text.hfclkaudio_stop
                0x00004bf6        0x6 zephyr/drivers/clock_control/libdrivers__clock_control.a(clock_control_nrf.c.obj)
 .text.hfclk192m_stop
                0x00004bfc        0x6 zephyr/drivers/clock_control/libdrivers__clock_control.a(clock_control_nrf.c.obj)
 .text.lfclk_stop
                0x00004c02        0x6 zephyr/drivers/clock_control/libdrivers__clock_control.a(clock_control_nrf.c.obj)
 .text.blocking_start_callback
                0x00004c08        0x6 zephyr/drivers/clock_control/libdrivers__clock_control.a(clock_control_nrf.c.obj)
 .text.api_stop
                0x00004c0e       0x28 zephyr/drivers/clock_control/libdrivers__clock_control.a(clock_control_nrf.c.obj)
 .text.api_start
                0x00004c36       0x36 zephyr/drivers/clock_control/libdrivers__clock_control.a(clock_control_nrf.c.obj)
 .text.gpio_nrfx_port_get_raw
                0x00004c6c        0xc zephyr/drivers/gpio/libdrivers__gpio.a(gpio_nrfx.c.obj)
 .text.gpio_nrfx_port_set_masked_raw
                0x00004c78       0x12 zephyr/drivers/gpio/libdrivers__gpio.a(gpio_nrfx.c.obj)
 .text.gpio_nrfx_port_set_bits_raw
                0x00004c8a        0xa zephyr/drivers/gpio/libdrivers__gpio.a(gpio_nrfx.c.obj)
 .text.gpio_nrfx_port_clear_bits_raw
                0x00004c94        0xa zephyr/drivers/gpio/libdrivers__gpio.a(gpio_nrfx.c.obj)
 .text.gpio_nrfx_port_toggle_bits
                0x00004c9e        0xe zephyr/drivers/gpio/libdrivers__gpio.a(gpio_nrfx.c.obj)
 .text.gpio_nrfx_manage_callback
                0x00004cac       0x56 zephyr/drivers/gpio/libdrivers__gpio.a(gpio_nrfx.c.obj)
 .text.uarte_nrfx_isr_int
                0x00004d02       0x72 zephyr/drivers/serial/libdrivers__serial.a(uart_nrfx_uarte.c.obj)
 .text.uarte_nrfx_config_get
                0x00004d74       0x10 zephyr/drivers/serial/libdrivers__serial.a(uart_nrfx_uarte.c.obj)
 .text.uarte_nrfx_err_check
                0x00004d84        0xe zephyr/drivers/serial/libdrivers__serial.a(uart_nrfx_uarte.c.obj)
 .text.uarte_nrfx_poll_in
                0x00004d92       0x26 zephyr/drivers/serial/libdrivers__serial.a(uart_nrfx_uarte.c.obj)
 .text.is_tx_ready.isra.0
                0x00004db8       0x20 zephyr/drivers/serial/libdrivers__serial.a(uart_nrfx_uarte.c.obj)
 .text.sys_clock_idle_exit
                0x00004dd8        0x2 zephyr/drivers/timer/libdrivers__timer.a(sys_clock_init.c.obj)
                0x00004dd8                sys_clock_idle_exit
 .text.pinctrl_lookup_state
                0x00004dda       0x30 zephyr/drivers/pinctrl/libdrivers__pinctrl.a(common.c.obj)
                0x00004dda                pinctrl_lookup_state
 .text.nrf_gpio_pin_write
                0x00004e0a        0xa zephyr/drivers/pinctrl/libdrivers__pinctrl.a(pinctrl_nrf.c.obj)
 .text.pinctrl_configure_pins
                0x00004e14      0x14a zephyr/drivers/pinctrl/libdrivers__pinctrl.a(pinctrl_nrf.c.obj)
                0x00004e14                pinctrl_configure_pins
 .text.k_sys_fatal_error_handler
                0x00004f5e        0x8 modules/nrf/lib/fatal_error/lib..__nrf__lib__fatal_error.a(fatal_error.c.obj)
                0x00004f5e                k_sys_fatal_error_handler
 .text.hw_cc3xx_init_internal
                0x00004f66        0x4 modules/nrf/drivers/hw_cc310/lib..__nrf__drivers__hw_cc310.a(hw_cc310.c.obj)
 .text.hw_cc3xx_init
                0x00004f6a       0x12 modules/nrf/drivers/hw_cc310/lib..__nrf__drivers__hw_cc310.a(hw_cc310.c.obj)
 .text.nrfx_isr
                0x00004f7c        0x2 modules/hal_nordic/nrfx/libmodules__hal_nordic__nrfx.a(nrfx_glue.c.obj)
                0x00004f7c                nrfx_isr
 .text.nrfx_busy_wait
                0x00004f7e        0x4 modules/hal_nordic/nrfx/libmodules__hal_nordic__nrfx.a(nrfx_glue.c.obj)
                0x00004f7e                nrfx_busy_wait
 .text.nrfx_clock_enable
                0x00004f82       0x24 modules/hal_nordic/nrfx/libmodules__hal_nordic__nrfx.a(nrfx_clock.c.obj)
                0x00004f82                nrfx_clock_enable
 .text.nrfx_clock_stop
                0x00004fa6        0x4 modules/hal_nordic/nrfx/libmodules__hal_nordic__nrfx.a(nrfx_clock.c.obj)
                0x00004fa6                nrfx_clock_stop
 .text.nrf_gpio_reconfigure
                0x00004faa       0x8e modules/hal_nordic/nrfx/libmodules__hal_nordic__nrfx.a(nrfx_gpiote.c.obj)
 .text.nrf_gpio_cfg_sense_set
                0x00005038       0x1e modules/hal_nordic/nrfx/libmodules__hal_nordic__nrfx.a(nrfx_gpiote.c.obj)
 .text.z_device_state_init
                0x00005056        0x2 zephyr/kernel/libkernel.a(device.c.obj)
                0x00005056                z_device_state_init
 .text.z_device_is_ready
                0x00005058       0x14 zephyr/kernel/libkernel.a(device.c.obj)
                0x00005058                z_device_is_ready
 .text.z_fatal_error
                0x0000506c       0x36 zephyr/kernel/libkernel.a(fatal.c.obj)
                0x0000506c                z_fatal_error
 .text.z_early_memset
                0x000050a2        0x4 zephyr/kernel/libkernel.a(init.c.obj)
                0x000050a2                z_early_memset
 .text.z_early_memcpy
                0x000050a6        0x4 zephyr/kernel/libkernel.a(init.c.obj)
                0x000050a6                z_early_memcpy
 .text.k_mem_slab_init
                0x000050aa       0x36 zephyr/kernel/libkernel.a(mem_slab.c.obj)
                0x000050aa                k_mem_slab_init
 .text.k_mem_slab_free
                0x000050e0       0x52 zephyr/kernel/libkernel.a(mem_slab.c.obj)
                0x000050e0                k_mem_slab_free
 .text.k_is_in_isr
                0x00005132        0xc zephyr/kernel/libkernel.a(thread.c.obj)
                0x00005132                k_is_in_isr
 .text.z_pm_save_idle_exit
                0x0000513e        0xe zephyr/kernel/libkernel.a(idle.c.obj)
                0x0000513e                z_pm_save_idle_exit
 .text.z_impl_k_mutex_init
                0x0000514c        0xe zephyr/kernel/libkernel.a(mutex.c.obj)
                0x0000514c                z_impl_k_mutex_init
 .text.sys_dlist_remove
                0x0000515a       0x10 zephyr/kernel/libkernel.a(sched.c.obj)
 .text.unpend_thread_no_timeout
                0x0000516a       0x14 zephyr/kernel/libkernel.a(sched.c.obj)
 .text.z_reschedule_irqlock
                0x0000517e       0x18 zephyr/kernel/libkernel.a(sched.c.obj)
                0x0000517e                z_reschedule_irqlock
 .text.z_reschedule_unlocked
                0x00005196       0x14 zephyr/kernel/libkernel.a(sched.c.obj)
 .text.z_priq_dumb_best
                0x000051aa       0x14 zephyr/kernel/libkernel.a(sched.c.obj)
                0x000051aa                z_priq_dumb_best
 .text.z_ready_thread
                0x000051be       0x20 zephyr/kernel/libkernel.a(sched.c.obj)
                0x000051be                z_ready_thread
 .text.z_thread_timeout
                0x000051de       0x44 zephyr/kernel/libkernel.a(sched.c.obj)
                0x000051de                z_thread_timeout
 .text.add_to_waitq_locked
                0x00005222       0x5a zephyr/kernel/libkernel.a(sched.c.obj)
 .text.z_unpend_first_thread
                0x0000527c       0x30 zephyr/kernel/libkernel.a(sched.c.obj)
                0x0000527c                z_unpend_first_thread
 .text.z_abort_timeout
                0x000052ac       0x2c zephyr/kernel/libkernel.a(timeout.c.obj)
                0x000052ac                z_abort_timeout
 .text.z_get_next_timeout_expiry
                0x000052d8       0x20 zephyr/kernel/libkernel.a(timeout.c.obj)
                0x000052d8                z_get_next_timeout_expiry
 .text.z_set_timeout_expiry
                0x000052f8       0x34 zephyr/kernel/libkernel.a(timeout.c.obj)
                0x000052f8                z_set_timeout_expiry
 .text.sys_clock_tick_get_32
                0x0000532c        0x8 zephyr/kernel/libkernel.a(timeout.c.obj)
                0x0000532c                sys_clock_tick_get_32
 .text.z_impl_k_busy_wait
                0x00005334        0x8 zephyr/kernel/libkernel.a(timeout.c.obj)
                0x00005334                z_impl_k_busy_wait
 .text._OffsetAbsSyms
                0x0000533c        0x2 zephyr/CMakeFiles/offsets.dir/./arch/arm/core/offsets/offsets.c.obj
                0x0000533c                _OffsetAbsSyms
 *(SORT_BY_ALIGNMENT(.TEXT.*))
 *fill*         0x0000533e        0x2 
 .TEXT.z_arm_platform_init
                0x00005340        0x4 zephyr/libzephyr.a(soc_nrf_common.S.obj)
                0x00005340                z_arm_platform_init
 *(SORT_BY_ALIGNMENT(.gnu.linkonce.t.*))
 *(SORT_BY_ALIGNMENT(.glue_7t))
 .glue_7t       0x00005344        0x0 linker stubs
 *(SORT_BY_ALIGNMENT(.glue_7))
 .glue_7        0x00005344        0x0 linker stubs
 *(SORT_BY_ALIGNMENT(.vfp11_veneer))
 .vfp11_veneer  0x00005344        0x0 linker stubs
 *(SORT_BY_ALIGNMENT(.v4_bx))
 .v4_bx         0x00005344        0x0 linker stubs
                0x00005344                __text_region_end = .

.ARM.exidx      0x00005344        0x8
                0x00005344                __exidx_start = .
 *(SORT_BY_ALIGNMENT(.ARM.exidx*) SORT_BY_ALIGNMENT(gnu.linkonce.armexidx.*))
 .ARM.exidx     0x00005344        0x8 c:/nrf/v1.9.1/toolchain/opt/bin/../lib/gcc/arm-none-eabi/9.2.1/thumb/v8-m.main/nofp\libgcc.a(_udivmoddi4.o)
                0x0000534c                __exidx_end = .
                0x0000534c                __rodata_region_start = .

initlevel       0x0000534c       0x50
                0x0000534c                __init_start = .
                0x0000534c                __init_PRE_KERNEL_1_start = .
 *(SORT_BY_NAME(SORT_BY_ALIGNMENT(.z_init_PRE_KERNEL_1[0-9]_*)))
 .z_init_PRE_KERNEL_10_
                0x0000534c        0x8 zephyr/libzephyr.a(soc.c.obj)
 *(SORT_BY_NAME(SORT_BY_ALIGNMENT(.z_init_PRE_KERNEL_1[1-9][0-9]_*)))
 .z_init_PRE_KERNEL_130_
                0x00005354        0x8 zephyr/drivers/clock_control/libdrivers__clock_control.a(clock_control_nrf.c.obj)
 .z_init_PRE_KERNEL_130_
                0x0000535c        0x8 zephyr/kernel/libkernel.a(mem_slab.c.obj)
 .z_init_PRE_KERNEL_140_
                0x00005364       0x10 zephyr/drivers/gpio/libdrivers__gpio.a(gpio_nrfx.c.obj)
 .z_init_PRE_KERNEL_140_
                0x00005374        0x8 modules/nrf/drivers/hw_cc310/lib..__nrf__drivers__hw_cc310.a(hw_cc310.c.obj)
 .z_init_PRE_KERNEL_155_
                0x0000537c        0x8 zephyr/drivers/serial/libdrivers__serial.a(uart_nrfx_uarte.c.obj)
 .z_init_PRE_KERNEL_160_
                0x00005384        0x8 zephyr/drivers/console/libdrivers__console.a(uart_console.c.obj)
                0x0000538c                __init_PRE_KERNEL_2_start = .
 *(SORT_BY_NAME(SORT_BY_ALIGNMENT(.z_init_PRE_KERNEL_2[0-9]_*)))
 .z_init_PRE_KERNEL_20_
                0x0000538c        0x8 zephyr/drivers/timer/libdrivers__timer.a(nrf_rtc_timer.c.obj)
 *(SORT_BY_NAME(SORT_BY_ALIGNMENT(.z_init_PRE_KERNEL_2[1-9][0-9]_*)))
                0x00005394                __init_POST_KERNEL_start = .
 *(SORT_BY_NAME(SORT_BY_ALIGNMENT(.z_init_POST_KERNEL[0-9]_*)))
 *(SORT_BY_NAME(SORT_BY_ALIGNMENT(.z_init_POST_KERNEL[1-9][0-9]_*)))
 .z_init_POST_KERNEL40_
                0x00005394        0x8 modules/nrf/drivers/hw_cc310/lib..__nrf__drivers__hw_cc310.a(hw_cc310.c.obj)
                0x0000539c                __init_APPLICATION_start = .
 *(SORT_BY_NAME(SORT_BY_ALIGNMENT(.z_init_APPLICATION[0-9]_*)))
 *(SORT_BY_NAME(SORT_BY_ALIGNMENT(.z_init_APPLICATION[1-9][0-9]_*)))
                0x0000539c                __init_SMP_start = .
 *(SORT_BY_NAME(SORT_BY_ALIGNMENT(.z_init_SMP[0-9]_*)))
 *(SORT_BY_NAME(SORT_BY_ALIGNMENT(.z_init_SMP[1-9][0-9]_*)))
                0x0000539c                __init_end = .

devices         0x0000539c       0x60
                0x0000539c                __device_start = .
                0x0000539c                __device_PRE_KERNEL_1_start = .
 *(SORT_BY_NAME(SORT_BY_ALIGNMENT(.z_device_PRE_KERNEL_1[0-9]_*)))
 *(SORT_BY_NAME(SORT_BY_ALIGNMENT(.z_device_PRE_KERNEL_1[1-9][0-9]_*)))
 .z_device_PRE_KERNEL_130_
                0x0000539c       0x18 zephyr/drivers/clock_control/libdrivers__clock_control.a(clock_control_nrf.c.obj)
                0x0000539c                __device_dts_ord_78
 .z_device_PRE_KERNEL_140_
                0x000053b4       0x30 zephyr/drivers/gpio/libdrivers__gpio.a(gpio_nrfx.c.obj)
                0x000053b4                __device_dts_ord_9
                0x000053cc                __device_dts_ord_29
 .z_device_PRE_KERNEL_155_
                0x000053e4       0x18 zephyr/drivers/serial/libdrivers__serial.a(uart_nrfx_uarte.c.obj)
                0x000053e4                __device_dts_ord_118
                0x000053fc                __device_PRE_KERNEL_2_start = .
 *(SORT_BY_NAME(SORT_BY_ALIGNMENT(.z_device_PRE_KERNEL_2[0-9]_*)))
 *(SORT_BY_NAME(SORT_BY_ALIGNMENT(.z_device_PRE_KERNEL_2[1-9][0-9]_*)))
                0x000053fc                __device_POST_KERNEL_start = .
 *(SORT_BY_NAME(SORT_BY_ALIGNMENT(.z_device_POST_KERNEL[0-9]_*)))
 *(SORT_BY_NAME(SORT_BY_ALIGNMENT(.z_device_POST_KERNEL[1-9][0-9]_*)))
                0x000053fc                __device_APPLICATION_start = .
 *(SORT_BY_NAME(SORT_BY_ALIGNMENT(.z_device_APPLICATION[0-9]_*)))
 *(SORT_BY_NAME(SORT_BY_ALIGNMENT(.z_device_APPLICATION[1-9][0-9]_*)))
                0x000053fc                __device_SMP_start = .
 *(SORT_BY_NAME(SORT_BY_ALIGNMENT(.z_device_SMP[0-9]_*)))
 *(SORT_BY_NAME(SORT_BY_ALIGNMENT(.z_device_SMP[1-9][0-9]_*)))
                0x000053fc                __device_end = .

sw_isr_table    0x000053fc      0x228
                0x000053fc                . = ALIGN (0x0)
 *(SORT_BY_ALIGNMENT(.gnu.linkonce.sw_isr_table*))
 .gnu.linkonce.sw_isr_table
                0x000053fc      0x228 zephyr/arch/common/libisr_tables.a(isr_tables.c.obj)
                0x000053fc                _sw_isr_table

initlevel_error
                0x0000534c        0x0
 *(SORT_BY_NAME(SORT_BY_ALIGNMENT(.z_init_[_A-Z0-9]*)))
                0x00000001                ASSERT ((SIZEOF (initlevel_error) == 0x0), Undefined initialization levels used.)

app_shmem_regions
                0x00005624        0x0
                0x00005624                __app_shmem_regions_start = .
 *(SORT_BY_NAME(SORT_BY_ALIGNMENT(.app_regions.*)))
                0x00005624                __app_shmem_regions_end = .

bt_l2cap_fixed_chan_area
                0x00005624        0x0
                0x00005624                _bt_l2cap_fixed_chan_list_start = .
 *(SORT_BY_NAME(SORT_BY_ALIGNMENT(._bt_l2cap_fixed_chan.static.*)))
                0x00005624                _bt_l2cap_fixed_chan_list_end = .

bt_gatt_service_static_area
                0x00005624        0x0
                0x00005624                _bt_gatt_service_static_list_start = .
 *(SORT_BY_NAME(SORT_BY_ALIGNMENT(._bt_gatt_service_static.static.*)))
                0x00005624                _bt_gatt_service_static_list_end = .

k_p4wq_initparam_area
                0x00005624        0x0
                0x00005624                _k_p4wq_initparam_list_start = .
 *(SORT_BY_NAME(SORT_BY_ALIGNMENT(._k_p4wq_initparam.static.*)))
                0x00005624                _k_p4wq_initparam_list_end = .

log_strings_sections
                0x00005624        0x0
                0x00005624                __log_strings_start = .
 *(SORT_BY_NAME(SORT_BY_ALIGNMENT(.log_strings*)))
                0x00005624                __log_strings_end = .

log_const_sections
                0x00005624        0x0
                0x00005624                __log_const_start = .
 *(SORT_BY_NAME(SORT_BY_ALIGNMENT(.log_const_*)))
                0x00005624                __log_const_end = .

log_backends_sections
                0x00005624        0x0
                0x00005624                __log_backends_start = .
 *(SORT_BY_ALIGNMENT(._log_backend.*))
                0x00005624                __log_backends_end = .

shell_area      0x00005624        0x0
                0x00005624                _shell_list_start = .
 *(SORT_BY_NAME(SORT_BY_ALIGNMENT(._shell.static.*)))
                0x00005624                _shell_list_end = .

shell_root_cmds_sections
                0x00005624        0x0
                0x00005624                __shell_root_cmds_start = .
 *(SORT_BY_NAME(SORT_BY_ALIGNMENT(.shell_root_cmd_*)))
                0x00005624                __shell_root_cmds_end = .

font_entry_sections
                0x00005624        0x0
                0x00005624                __font_entry_start = .
 *(SORT_BY_NAME(SORT_BY_ALIGNMENT(._cfb_font.*)))
                0x00005624                __font_entry_end = .

tracing_backend_area
                0x00005624        0x0
                0x00005624                _tracing_backend_list_start = .
 *(SORT_BY_NAME(SORT_BY_ALIGNMENT(._tracing_backend.static.*)))
                0x00005624                _tracing_backend_list_end = .

zephyr_dbg_info
 *(SORT_BY_ALIGNMENT(.dbg_thread_info))

device_handles  0x00005624       0x3e
                0x00005624                __device_handles_start = .
 *(SORT_BY_NAME(SORT_BY_ALIGNMENT(.__device_handles_pass1*)))
 .__device_handles_pass1
                0x00005624        0xa zephyr/drivers/clock_control/libdrivers__clock_control.a(clock_control_nrf.c.obj)
                0x00005624                __devicehdl_DT_N_S_soc_S_peripheral_50000000_S_clock_5000
 .__device_handles_pass1
                0x0000562e       0x26 zephyr/drivers/gpio/libdrivers__gpio.a(gpio_nrfx.c.obj)
                0x0000562e                __devicehdl_DT_N_S_soc_S_peripheral_50000000_S_gpio_842800
                0x0000563a                __devicehdl_DT_N_S_soc_S_peripheral_50000000_S_gpio_842500
 .__device_handles_pass1
                0x00005654        0xe zephyr/drivers/serial/libdrivers__serial.a(uart_nrfx_uarte.c.obj)
                0x00005654                __devicehdl_DT_N_S_soc_S_peripheral_50000000_S_uart_8000
                0x00005662                __device_handles_end = .

rodata          0x00005670      0x2d0
 *(SORT_BY_ALIGNMENT(.rodata))
 *(SORT_BY_ALIGNMENT(.rodata.*))
 .rodata.delay_machine_code.9553
                0x00005670        0x6 zephyr/libzephyr.a(soc.c.obj)
 *fill*         0x00005676        0x2 
 .rodata.pmstates_DT_N_S_cpus_S_cpu_0
                0x00005678        0x0 zephyr/libzephyr.a(state.c.obj)
 .rodata.apis   0x00005678        0x8 zephyr/libzephyr.a(nrf_cc3xx_platform_abort_zephyr.c.obj)
 .rodata.mutex_apis
                0x00005680       0x10 zephyr/libzephyr.a(nrf_cc3xx_platform_mutex_zephyr.c.obj)
 .rodata.mutexes
                0x00005690       0x14 zephyr/libzephyr.a(nrf_cc3xx_platform_mutex_zephyr.c.obj)
 .rodata.static_regions
                0x000056a4        0xc zephyr/arch/arch/arm/core/aarch32/mpu/libarch__arm__core__aarch32__mpu.a(arm_core_mpu.c.obj)
 .rodata.mpu_config
                0x000056b0        0x8 zephyr/soc/arm/common/cortex_m/libsoc__arm__common__cortex_m.a(arm_mpu_regions.c.obj)
                0x000056b0                mpu_config
 .rodata.mpu_regions
                0x000056b8       0x20 zephyr/soc/arm/common/cortex_m/libsoc__arm__common__cortex_m.a(arm_mpu_regions.c.obj)
 .rodata.clock_control_api
                0x000056d8       0x18 zephyr/drivers/clock_control/libdrivers__clock_control.a(clock_control_nrf.c.obj)
 .rodata.config
                0x000056f0       0x20 zephyr/drivers/clock_control/libdrivers__clock_control.a(clock_control_nrf.c.obj)
 .rodata.transitions.11923
                0x00005710        0xc zephyr/drivers/clock_control/libdrivers__clock_control.a(clock_control_nrf.c.obj)
 .rodata.gpio_nrfx_drv_api_funcs
                0x0000571c       0x24 zephyr/drivers/gpio/libdrivers__gpio.a(gpio_nrfx.c.obj)
 .rodata.gpio_nrfx_p0_cfg
                0x00005740       0x10 zephyr/drivers/gpio/libdrivers__gpio.a(gpio_nrfx.c.obj)
 .rodata.gpio_nrfx_p1_cfg
                0x00005750       0x10 zephyr/drivers/gpio/libdrivers__gpio.a(gpio_nrfx.c.obj)
 .rodata.__pinctrl_dev_config__device_dts_ord_118
                0x00005760        0xc zephyr/drivers/serial/libdrivers__serial.a(uart_nrfx_uarte.c.obj)
 .rodata.__pinctrl_state_pins_0__device_dts_ord_118
                0x0000576c       0x10 zephyr/drivers/serial/libdrivers__serial.a(uart_nrfx_uarte.c.obj)
 .rodata.__pinctrl_states__device_dts_ord_118
                0x0000577c        0x8 zephyr/drivers/serial/libdrivers__serial.a(uart_nrfx_uarte.c.obj)
 .rodata.uart_nrfx_uarte_driver_api
                0x00005784       0x14 zephyr/drivers/serial/libdrivers__serial.a(uart_nrfx_uarte.c.obj)
 .rodata.uarte_0z_config
                0x00005798       0x10 zephyr/drivers/serial/libdrivers__serial.a(uart_nrfx_uarte.c.obj)
 .rodata.levels.9960
                0x000057a8       0x14 zephyr/kernel/libkernel.a(device.c.obj)
 .rodata._k_neg_eagain
                0x000057bc        0x4 zephyr/kernel/libkernel.a(errno.c.obj)
                0x000057bc                _k_neg_eagain
 .rodata.CSWTCH.12
                0x000057c0       0x20 C:/nrf_workspace/test_git3/nrfxlib/crypto/nrf_cc312_platform/lib/cortex-m33/soft-float/no-interrupts/libnrf_cc312_platform_0.9.14.a(nrf_cc3xx_platform.c.obj)
 .rodata.mutex_free.str1.4
                0x000057e0       0x26 C:/nrf_workspace/test_git3/nrfxlib/crypto/nrf_cc312_platform/lib/cortex-m33/soft-float/no-interrupts/libnrf_cc312_platform_0.9.14.a(nrf_cc3xx_platform_mutex.c.obj)
 *fill*         0x00005806        0x2 
 .rodata.mutex_init.str1.4
                0x00005808       0x23 C:/nrf_workspace/test_git3/nrfxlib/crypto/nrf_cc312_platform/lib/cortex-m33/soft-float/no-interrupts/libnrf_cc312_platform_0.9.14.a(nrf_cc3xx_platform_mutex.c.obj)
 *fill*         0x0000582b        0x1 
 .rodata.CC_PalPowerSaveModeInit.str1.4
                0x0000582c       0x20 C:/nrf_workspace/test_git3/nrfxlib/crypto/nrf_cc312_platform/lib/cortex-m33/soft-float/no-interrupts/libnrf_cc312_platform_0.9.14.a(cc_pal_pm.c.obj)
 .rodata.cbvprintf.str1.1
                0x0000584c        0x6 zephyr/libzephyr.a(cbprintf_complete.c.obj)
 .rodata.sys_reboot.str1.1
                0x00005852       0x29 zephyr/libzephyr.a(reboot.c.obj)
 .rodata.mutex_free_platform.str1.1
                0x0000587b       0x26 zephyr/libzephyr.a(nrf_cc3xx_platform_mutex_zephyr.c.obj)
 .rodata.mutex_init_platform.str1.1
                0x000058a1       0x2d zephyr/libzephyr.a(nrf_cc3xx_platform_mutex_zephyr.c.obj)
 .rodata.str1.1
                0x000058ce        0xf zephyr/soc/arm/common/cortex_m/libsoc__arm__common__cortex_m.a(arm_mpu_regions.c.obj)
 .rodata.str1.1
                0x000058dd        0x6 zephyr/drivers/clock_control/libdrivers__clock_control.a(clock_control_nrf.c.obj)
 .rodata.str1.1
                0x000058e3        0xe zephyr/drivers/gpio/libdrivers__gpio.a(gpio_nrfx.c.obj)
 .rodata.str1.1
                0x000058f1        0x7 zephyr/drivers/serial/libdrivers__serial.a(uart_nrfx_uarte.c.obj)
 .rodata.CSWTCH.3
                0x000058f8        0x4 modules/hal_nordic/nrfx/libmodules__hal_nordic__nrfx.a(system_nrf5340_application.c.obj)
 .rodata.CSWTCH.5
                0x000058fc        0x4 modules/hal_nordic/nrfx/libmodules__hal_nordic__nrfx.a(system_nrf5340_application.c.obj)
 .rodata.z_cstart.str1.1
                0x00005900        0x5 zephyr/kernel/libkernel.a(init.c.obj)
 .rodata.boot_banner.str1.1
                0x00005905       0x38 zephyr/kernel/libkernel.a(banner.c.obj)
                                 0x39 (size before relaxing)
 *(SORT_BY_ALIGNMENT(.gnu.linkonce.r.*))
                0x00005940                . = ALIGN (0x4)
 *fill*         0x0000593d        0x3 
                0x00005940                __rodata_region_end = .
                0x00005940                . = ALIGN (_region_min_align)
                0x00005940                __rom_region_end = .
                0x20000000                . = 0x20000000
                0x20000000                . = ALIGN (_region_min_align)
                0x20000000                _image_ram_start = .

.ramfunc        0x20000000        0x0 load address 0x00005940
                0x20000000                . = ALIGN (_region_min_align)
                0x20000000                __ramfunc_start = .
 *(SORT_BY_ALIGNMENT(.ramfunc))
 *(SORT_BY_ALIGNMENT(.ramfunc.*))
                0x20000000                . = ALIGN (_region_min_align)
                0x20000000                __ramfunc_end = .
                0x00000000                __ramfunc_size = (__ramfunc_end - __ramfunc_start)
                0x00005940                __ramfunc_load_start = LOADADDR (.ramfunc)

datas           0x20000000      0x12c load address 0x00005940
                0x20000000                __data_region_start = .
                0x20000000                __data_start = .
 *(SORT_BY_ALIGNMENT(.data))
 *(SORT_BY_ALIGNMENT(.data.*))
 .data._char_out
                0x20000000        0x4 zephyr/libzephyr.a(printk.c.obj)
                0x20000000                _char_out
 .data.max_latency_ticks
                0x20000004        0x4 zephyr/libzephyr.a(policy.c.obj)
 .data.asym_mutex
                0x20000008        0x8 zephyr/libzephyr.a(nrf_cc3xx_platform_mutex_zephyr.c.obj)
 .data.power_mutex
                0x20000010        0x8 zephyr/libzephyr.a(nrf_cc3xx_platform_mutex_zephyr.c.obj)
 .data.rng_mutex
                0x20000018        0x8 zephyr/libzephyr.a(nrf_cc3xx_platform_mutex_zephyr.c.obj)
 .data.sym_mutex
                0x20000020        0x8 zephyr/libzephyr.a(nrf_cc3xx_platform_mutex_zephyr.c.obj)
 .data._stdout_hook
                0x20000028        0x4 zephyr/lib/libc/minimal/liblib__libc__minimal.a(stdout_console.c.obj)
 .data.uarte_0_data
                0x2000002c       0x14 zephyr/drivers/serial/libdrivers__serial.a(uart_nrfx_uarte.c.obj)
 .data.SystemCoreClock
                0x20000040        0x4 modules/hal_nordic/nrfx/libmodules__hal_nordic__nrfx.a(system_nrf5340_application.c.obj)
                0x20000040                SystemCoreClock
 .data.m_allocated_channels
                0x20000044        0x4 modules/hal_nordic/nrfx/libmodules__hal_nordic__nrfx.a(nrfx_dppi.c.obj)
 .data.m_cb     0x20000048       0x7c modules/hal_nordic/nrfx/libmodules__hal_nordic__nrfx.a(nrfx_gpiote.c.obj)
 .data.timeout_list
                0x200000c4        0x8 zephyr/kernel/libkernel.a(timeout.c.obj)
 .data.platform_abort_apis
                0x200000cc        0x8 C:/nrf_workspace/test_git3/nrfxlib/crypto/nrf_cc312_platform/lib/cortex-m33/soft-float/no-interrupts/libnrf_cc312_platform_0.9.14.a(nrf_cc3xx_platform_abort.c.obj)
                0x200000cc                platform_abort_apis
 .data.asym_mutex
                0x200000d4        0x8 C:/nrf_workspace/test_git3/nrfxlib/crypto/nrf_cc312_platform/lib/cortex-m33/soft-float/no-interrupts/libnrf_cc312_platform_0.9.14.a(nrf_cc3xx_platform_mutex.c.obj)
 .data.platform_mutex_apis
                0x200000dc       0x10 C:/nrf_workspace/test_git3/nrfxlib/crypto/nrf_cc312_platform/lib/cortex-m33/soft-float/no-interrupts/libnrf_cc312_platform_0.9.14.a(nrf_cc3xx_platform_mutex.c.obj)
                0x200000dc                platform_mutex_apis
 .data.platform_mutexes
                0x200000ec       0x14 C:/nrf_workspace/test_git3/nrfxlib/crypto/nrf_cc312_platform/lib/cortex-m33/soft-float/no-interrupts/libnrf_cc312_platform_0.9.14.a(nrf_cc3xx_platform_mutex.c.obj)
                0x200000ec                platform_mutexes
 .data.power_mutex
                0x20000100        0x8 C:/nrf_workspace/test_git3/nrfxlib/crypto/nrf_cc312_platform/lib/cortex-m33/soft-float/no-interrupts/libnrf_cc312_platform_0.9.14.a(nrf_cc3xx_platform_mutex.c.obj)
 .data.rng_mutex
                0x20000108        0x8 C:/nrf_workspace/test_git3/nrfxlib/crypto/nrf_cc312_platform/lib/cortex-m33/soft-float/no-interrupts/libnrf_cc312_platform_0.9.14.a(nrf_cc3xx_platform_mutex.c.obj)
 .data.sym_mutex
                0x20000110        0x8 C:/nrf_workspace/test_git3/nrfxlib/crypto/nrf_cc312_platform/lib/cortex-m33/soft-float/no-interrupts/libnrf_cc312_platform_0.9.14.a(nrf_cc3xx_platform_mutex.c.obj)
 .data.CCAsymCryptoMutex
                0x20000118        0x4 C:/nrf_workspace/test_git3/nrfxlib/crypto/nrf_cc312_platform/lib/cortex-m33/soft-float/no-interrupts/libnrf_cc312_platform_0.9.14.a(cc_pal.c.obj)
                0x20000118                CCAsymCryptoMutex
 .data.CCPowerMutex
                0x2000011c        0x4 C:/nrf_workspace/test_git3/nrfxlib/crypto/nrf_cc312_platform/lib/cortex-m33/soft-float/no-interrupts/libnrf_cc312_platform_0.9.14.a(cc_pal.c.obj)
                0x2000011c                CCPowerMutex
 .data.CCRndCryptoMutex
                0x20000120        0x4 C:/nrf_workspace/test_git3/nrfxlib/crypto/nrf_cc312_platform/lib/cortex-m33/soft-float/no-interrupts/libnrf_cc312_platform_0.9.14.a(cc_pal.c.obj)
                0x20000120                CCRndCryptoMutex
 .data.CCSymCryptoMutex
                0x20000124        0x4 C:/nrf_workspace/test_git3/nrfxlib/crypto/nrf_cc312_platform/lib/cortex-m33/soft-float/no-interrupts/libnrf_cc312_platform_0.9.14.a(cc_pal.c.obj)
                0x20000124                CCSymCryptoMutex
 .data.pCCRndCryptoMutex
                0x20000128        0x4 C:/nrf_workspace/test_git3/nrfxlib/crypto/nrf_cc312_platform/lib/cortex-m33/soft-float/no-interrupts/libnrf_cc312_platform_0.9.14.a(cc_pal.c.obj)
                0x20000128                pCCRndCryptoMutex
 *(SORT_BY_ALIGNMENT(.kernel.*))
                0x2000012c                __data_end = .
                0x0000012c                __data_size = (__data_end - __data_start)
                0x00005940                __data_load_start = LOADADDR (datas)
                0x00005940                __data_region_load_start = LOADADDR (datas)

device_states   0x2000012c       0x10 load address 0x00005a6c
                0x2000012c                __device_states_start = .
 *(SORT_BY_ALIGNMENT(.z_devstate))
 .z_devstate    0x2000012c        0x4 zephyr/drivers/clock_control/libdrivers__clock_control.a(clock_control_nrf.c.obj)
 .z_devstate    0x20000130        0x8 zephyr/drivers/gpio/libdrivers__gpio.a(gpio_nrfx.c.obj)
 .z_devstate    0x20000138        0x4 zephyr/drivers/serial/libdrivers__serial.a(uart_nrfx_uarte.c.obj)
 *(SORT_BY_ALIGNMENT(.z_devstate.*))
                0x2000013c                __device_states_end = .

initshell       0x2000013c        0x0 load address 0x00005a7c
                0x2000013c                __shell_module_start = .
 *(SORT_BY_ALIGNMENT(.shell_module_*))
                0x2000013c                __shell_module_end = .
                0x2000013c                __shell_cmd_start = .
 *(SORT_BY_ALIGNMENT(.shell_cmd_*))
                0x2000013c                __shell_cmd_end = .

log_dynamic_sections
                0x2000013c        0x0 load address 0x00005a7c
                0x2000013c                __log_dynamic_start = .
 *(SORT_BY_NAME(SORT_BY_ALIGNMENT(.log_dynamic_*)))
                0x2000013c                __log_dynamic_end = .

_static_thread_data_area
                0x2000013c        0x0 load address 0x00005a7c
                0x2000013c                __static_thread_data_list_start = .
 *(SORT_BY_NAME(SORT_BY_ALIGNMENT(.__static_thread_data.static.*)))
                0x2000013c                __static_thread_data_list_end = .

k_timer_area    0x2000013c        0x0 load address 0x00005a7c
                0x2000013c                _k_timer_list_start = .
 *(SORT_BY_NAME(SORT_BY_ALIGNMENT(._k_timer.static.*)))
                0x2000013c                _k_timer_list_end = .

k_mem_slab_area
                0x2000013c        0x0 load address 0x00005a7c
                0x2000013c                _k_mem_slab_list_start = .
 *(SORT_BY_NAME(SORT_BY_ALIGNMENT(._k_mem_slab.static.*)))
                0x2000013c                _k_mem_slab_list_end = .

k_mem_pool_area
                0x2000013c        0x0 load address 0x00005a7c
                0x2000013c                _k_mem_pool_list_start = .
 *(SORT_BY_NAME(SORT_BY_ALIGNMENT(._k_mem_pool.static.*)))
                0x2000013c                _k_mem_pool_list_end = .

k_heap_area     0x2000013c        0x0 load address 0x00005a7c
                0x2000013c                _k_heap_list_start = .
 *(SORT_BY_NAME(SORT_BY_ALIGNMENT(._k_heap.static.*)))
                0x2000013c                _k_heap_list_end = .

k_mutex_area    0x2000013c       0x50 load address 0x00005a7c
                0x2000013c                _k_mutex_list_start = .
 *(SORT_BY_NAME(SORT_BY_ALIGNMENT(._k_mutex.static.*)))
 ._k_mutex.static.asym_mutex_int
                0x2000013c       0x14 zephyr/libzephyr.a(nrf_cc3xx_platform_mutex_zephyr.c.obj)
                0x2000013c                asym_mutex_int
 ._k_mutex.static.power_mutex_int
                0x20000150       0x14 zephyr/libzephyr.a(nrf_cc3xx_platform_mutex_zephyr.c.obj)
                0x20000150                power_mutex_int
 ._k_mutex.static.rng_mutex_int
                0x20000164       0x14 zephyr/libzephyr.a(nrf_cc3xx_platform_mutex_zephyr.c.obj)
                0x20000164                rng_mutex_int
 ._k_mutex.static.sym_mutex_int
                0x20000178       0x14 zephyr/libzephyr.a(nrf_cc3xx_platform_mutex_zephyr.c.obj)
                0x20000178                sym_mutex_int
                0x2000018c                _k_mutex_list_end = .

k_stack_area    0x2000018c        0x0 load address 0x00005acc
                0x2000018c                _k_stack_list_start = .
 *(SORT_BY_NAME(SORT_BY_ALIGNMENT(._k_stack.static.*)))
                0x2000018c                _k_stack_list_end = .

k_msgq_area     0x2000018c        0x0 load address 0x00005acc
                0x2000018c                _k_msgq_list_start = .
 *(SORT_BY_NAME(SORT_BY_ALIGNMENT(._k_msgq.static.*)))
                0x2000018c                _k_msgq_list_end = .

k_mbox_area     0x2000018c        0x0 load address 0x00005acc
                0x2000018c                _k_mbox_list_start = .
 *(SORT_BY_NAME(SORT_BY_ALIGNMENT(._k_mbox.static.*)))
                0x2000018c                _k_mbox_list_end = .

k_pipe_area     0x2000018c        0x0 load address 0x00005acc
                0x2000018c                _k_pipe_list_start = .
 *(SORT_BY_NAME(SORT_BY_ALIGNMENT(._k_pipe.static.*)))
                0x2000018c                _k_pipe_list_end = .

k_sem_area      0x2000018c        0x0 load address 0x00005acc
                0x2000018c                _k_sem_list_start = .
 *(SORT_BY_NAME(SORT_BY_ALIGNMENT(._k_sem.static.*)))
                0x2000018c                _k_sem_list_end = .

k_event_area    0x2000018c        0x0 load address 0x00005acc
                0x2000018c                _k_event_list_start = .
 *(SORT_BY_NAME(SORT_BY_ALIGNMENT(._k_event.static.*)))
                0x2000018c                _k_event_list_end = .

k_queue_area    0x2000018c        0x0 load address 0x00005acc
                0x2000018c                _k_queue_list_start = .
 *(SORT_BY_NAME(SORT_BY_ALIGNMENT(._k_queue.static.*)))
                0x2000018c                _k_queue_list_end = .

k_condvar_area  0x2000018c        0x0 load address 0x00005acc
                0x2000018c                _k_condvar_list_start = .
 *(SORT_BY_NAME(SORT_BY_ALIGNMENT(._k_condvar.static.*)))
                0x2000018c                _k_condvar_list_end = .

_net_buf_pool_area
                0x2000018c        0x0 load address 0x00005acc
                0x2000018c                _net_buf_pool_list = .
 *(SORT_BY_NAME(SORT_BY_ALIGNMENT(._net_buf_pool.static.*)))
                0x2000018c                __data_region_end = .

bss             0x20000190      0x98a
                0x20000190                . = ALIGN (0x4)
                0x20000190                __bss_start = .
                0x20000190                __kernel_ram_start = .
 *(SORT_BY_ALIGNMENT(.bss))
 *(SORT_BY_ALIGNMENT(.bss.*))
 .bss.anchor    0x20000190        0x8 zephyr/drivers/timer/libdrivers__timer.a(nrf_rtc_timer.c.obj)
 .bss.cc_data   0x20000198       0x10 zephyr/drivers/timer/libdrivers__timer.a(nrf_rtc_timer.c.obj)
 .bss.last_count
                0x200001a8        0x8 zephyr/drivers/timer/libdrivers__timer.a(nrf_rtc_timer.c.obj)
 .bss.z_idle_threads
                0x200001b0       0x80 zephyr/kernel/libkernel.a(init.c.obj)
                0x200001b0                z_idle_threads
 .bss.z_main_thread
                0x20000230       0x80 zephyr/kernel/libkernel.a(init.c.obj)
                0x20000230                z_main_thread
 .bss.curr_tick
                0x200002b0        0x8 zephyr/kernel/libkernel.a(timeout.c.obj)
 .bss.pm_notifiers
                0x200002b8        0x8 zephyr/libzephyr.a(pm.c.obj)
 .bss.z_cpus_pm_state
                0x200002c0        0xc zephyr/libzephyr.a(pm.c.obj)
 .bss.z_cpus_pm_state_forced
                0x200002cc        0x4 zephyr/libzephyr.a(pm.c.obj)
 .bss.z_post_ops_required
                0x200002d0        0x4 zephyr/libzephyr.a(pm.c.obj)
 .bss.state_lock_cnt
                0x200002d4       0x1c zephyr/libzephyr.a(policy.c.obj)
 .bss.mutex_slab
                0x200002f0       0x1c zephyr/libzephyr.a(nrf_cc3xx_platform_mutex_zephyr.c.obj)
                0x200002f0                mutex_slab
 .bss.mutex_slab_buffer
                0x2000030c      0x500 zephyr/libzephyr.a(nrf_cc3xx_platform_mutex_zephyr.c.obj)
                0x2000030c                mutex_slab_buffer
 .bss.dyn_reg_info
                0x2000080c       0x14 zephyr/arch/arch/arm/core/aarch32/mpu/libarch__arm__core__aarch32__mpu.a(arm_mpu.c.obj)
 .bss.cli.11895
                0x20000820       0x10 zephyr/drivers/clock_control/libdrivers__clock_control.a(clock_control_nrf.c.obj)
 .bss.data      0x20000830       0xa0 zephyr/drivers/clock_control/libdrivers__clock_control.a(clock_control_nrf.c.obj)
 .bss.hfclk_users
                0x200008d0        0x4 zephyr/drivers/clock_control/libdrivers__clock_control.a(clock_control_nrf.c.obj)
 .bss.on.11894  0x200008d4        0x4 zephyr/drivers/clock_control/libdrivers__clock_control.a(clock_control_nrf.c.obj)
 .bss.uart_console_dev
                0x200008d8        0x4 zephyr/drivers/console/libdrivers__console.a(uart_console.c.obj)
 .bss.gpio_nrfx_p0_data
                0x200008dc        0xc zephyr/drivers/gpio/libdrivers__gpio.a(gpio_nrfx.c.obj)
 .bss.gpio_nrfx_p1_data
                0x200008e8        0xc zephyr/drivers/gpio/libdrivers__gpio.a(gpio_nrfx.c.obj)
 .bss.force_isr_mask
                0x200008f4        0x4 zephyr/drivers/timer/libdrivers__timer.a(nrf_rtc_timer.c.obj)
 .bss.int_mask  0x200008f8        0x4 zephyr/drivers/timer/libdrivers__timer.a(nrf_rtc_timer.c.obj)
 .bss.overflow_cnt
                0x200008fc        0x4 zephyr/drivers/timer/libdrivers__timer.a(nrf_rtc_timer.c.obj)
 .bss.m_clock_cb
                0x20000900        0x8 modules/hal_nordic/nrfx/libmodules__hal_nordic__nrfx.a(nrfx_clock.c.obj)
 .bss._kernel   0x20000908       0x28 zephyr/kernel/libkernel.a(init.c.obj)
                0x20000908                _kernel
 .bss.pending_current
                0x20000930        0x4 zephyr/kernel/libkernel.a(sched.c.obj)
 .bss.slice_max_prio
                0x20000934        0x4 zephyr/kernel/libkernel.a(sched.c.obj)
 .bss.slice_ticks
                0x20000938        0x4 zephyr/kernel/libkernel.a(sched.c.obj)
 .bss.announce_remaining
                0x2000093c        0x4 zephyr/kernel/libkernel.a(timeout.c.obj)
 .bss.nrf_cc3xx_platform_initialized
                0x20000940        0x4 C:/nrf_workspace/test_git3/nrfxlib/crypto/nrf_cc312_platform/lib/cortex-m33/soft-float/no-interrupts/libnrf_cc312_platform_0.9.14.a(nrf_cc3xx_platform.c.obj)
 .bss.asym_mutex_int
                0x20000944        0x4 C:/nrf_workspace/test_git3/nrfxlib/crypto/nrf_cc312_platform/lib/cortex-m33/soft-float/no-interrupts/libnrf_cc312_platform_0.9.14.a(nrf_cc3xx_platform_mutex.c.obj)
 .bss.power_mutex_int
                0x20000948        0x4 C:/nrf_workspace/test_git3/nrfxlib/crypto/nrf_cc312_platform/lib/cortex-m33/soft-float/no-interrupts/libnrf_cc312_platform_0.9.14.a(nrf_cc3xx_platform_mutex.c.obj)
 .bss.rng_mutex_int
                0x2000094c        0x4 C:/nrf_workspace/test_git3/nrfxlib/crypto/nrf_cc312_platform/lib/cortex-m33/soft-float/no-interrupts/libnrf_cc312_platform_0.9.14.a(nrf_cc3xx_platform_mutex.c.obj)
 .bss.sym_mutex_int
                0x20000950        0x4 C:/nrf_workspace/test_git3/nrfxlib/crypto/nrf_cc312_platform/lib/cortex-m33/soft-float/no-interrupts/libnrf_cc312_platform_0.9.14.a(nrf_cc3xx_platform_mutex.c.obj)
 .bss.use_count
                0x20000954        0x4 C:/nrf_workspace/test_git3/nrfxlib/crypto/nrf_cc312_platform/lib/cortex-m33/soft-float/no-interrupts/libnrf_cc312_platform_0.9.14.a(cc_pal_pm.c.obj)
 .bss.nrf_cc3xx_platform_ctr_drbg_global_ctx
                0x20000958      0x1c0 C:/nrf_workspace/test_git3/nrfxlib/crypto/nrf_cc312_platform/lib/cortex-m33/soft-float/no-interrupts/libnrf_cc312_platform_0.9.14.a(nrf_cc3xx_platform_ctr_drbg.c.obj)
                0x20000958                nrf_cc3xx_platform_ctr_drbg_global_ctx
 .bss.static_regions_num
                0x20000b18        0x1 zephyr/arch/arch/arm/core/aarch32/mpu/libarch__arm__core__aarch32__mpu.a(arm_mpu.c.obj)
 .bss.z_sys_post_kernel
                0x20000b19        0x1 zephyr/kernel/libkernel.a(init.c.obj)
                0x20000b19                z_sys_post_kernel
 .bss.lock      0x20000b1a        0x0 zephyr/kernel/libkernel.a(mutex.c.obj)
 .bss.lock      0x20000b1a        0x0 zephyr/kernel/libkernel.a(sem.c.obj)
 .bss.sched_spinlock
                0x20000b1a        0x0 zephyr/kernel/libkernel.a(sched.c.obj)
                0x20000b1a                sched_spinlock
 *(SORT_BY_ALIGNMENT(COMMON))
 *(SORT_BY_ALIGNMENT(.kernel_bss.*))
                0x20000b1c                __bss_end = ALIGN (0x4)

noinit          0x20000b20      0xd40
 *(SORT_BY_ALIGNMENT(.noinit))
 *(SORT_BY_ALIGNMENT(.noinit.*))
 .noinit."WEST_TOPDIR/zephyr/kernel/init.c".0
                0x20000b20      0x400 zephyr/kernel/libkernel.a(init.c.obj)
                0x20000b20                z_main_stack
 .noinit."WEST_TOPDIR/zephyr/kernel/init.c".1
                0x20000f20      0x140 zephyr/kernel/libkernel.a(init.c.obj)
 .noinit."WEST_TOPDIR/zephyr/kernel/init.c".2
                0x20001060      0x800 zephyr/kernel/libkernel.a(init.c.obj)
                0x20001060                z_interrupt_stacks
 *(SORT_BY_ALIGNMENT(.kernel_noinit.*))
                0x20001860                _image_ram_end = .
                0x20001860                _end = .
                0x20070000                __kernel_ram_end = 0x20070000
                0x0006fe70                __kernel_ram_size = (__kernel_ram_end - __kernel_ram_start)

.intList        0xfffff800       0x48
 *(SORT_BY_ALIGNMENT(.irq_info*))
 .irq_info      0xfffff800        0x8 zephyr/arch/common/libisr_tables.a(isr_tables.c.obj)
                0xfffff800                _iheader
 *(SORT_BY_ALIGNMENT(.intList*))
 .intList       0xfffff808       0x10 zephyr/drivers/clock_control/libdrivers__clock_control.a(clock_control_nrf.c.obj)
 .intList       0xfffff818       0x10 zephyr/drivers/gpio/libdrivers__gpio.a(gpio_nrfx.c.obj)
 .intList       0xfffff828       0x10 zephyr/drivers/serial/libdrivers__serial.a(uart_nrfx_uarte.c.obj)
 .intList       0xfffff838       0x10 zephyr/drivers/timer/libdrivers__timer.a(nrf_rtc_timer.c.obj)

.stab
 *(SORT_BY_ALIGNMENT(.stab))

.stabstr
 *(SORT_BY_ALIGNMENT(.stabstr))

.stab.excl
 *(SORT_BY_ALIGNMENT(.stab.excl))

.stab.exclstr
 *(SORT_BY_ALIGNMENT(.stab.exclstr))

.stab.index
 *(SORT_BY_ALIGNMENT(.stab.index))

.stab.indexstr
 *(SORT_BY_ALIGNMENT(.stab.indexstr))

.gnu.build.attributes
 *(SORT_BY_ALIGNMENT(.gnu.build.attributes) SORT_BY_ALIGNMENT(.gnu.build.attributes.*))

.comment        0x00000000       0xc2
 *(SORT_BY_ALIGNMENT(.comment))
 .comment       0x00000000       0x79 app/libapp.a(main.c.obj)
                                 0x7a (size before relaxing)
 .comment       0x00000079       0x7a zephyr/libzephyr.a(notify.c.obj)
 .comment       0x00000079       0x7a zephyr/libzephyr.a(printk.c.obj)
 .comment       0x00000079       0x7a zephyr/libzephyr.a(onoff.c.obj)
 .comment       0x00000079       0x7a zephyr/libzephyr.a(thread_entry.c.obj)
 .comment       0x00000079       0x7a zephyr/libzephyr.a(cbprintf_complete.c.obj)
 .comment       0x00000079       0x7a zephyr/libzephyr.a(reboot.c.obj)
 .comment       0x00000079       0x7a zephyr/libzephyr.a(configs.c.obj)
 .comment       0x00000079       0x7a zephyr/libzephyr.a(soc.c.obj)
 .comment       0x00000079       0x7a zephyr/libzephyr.a(power.c.obj)
 .comment       0x00000079       0x7a zephyr/libzephyr.a(pm.c.obj)
 .comment       0x00000079       0x7a zephyr/libzephyr.a(policy.c.obj)
 .comment       0x00000079       0x7a zephyr/libzephyr.a(state.c.obj)
 .comment       0x00000079       0x7a zephyr/libzephyr.a(nrf_cc3xx_platform_abort_zephyr.c.obj)
 .comment       0x00000079       0x7a zephyr/libzephyr.a(nrf_cc3xx_platform_mutex_zephyr.c.obj)
 .comment       0x00000079       0x7a zephyr/arch/arch/arm/core/aarch32/libarch__arm__core__aarch32.a(fatal.c.obj)
 .comment       0x00000079       0x7a zephyr/arch/arch/arm/core/aarch32/libarch__arm__core__aarch32.a(irq_manage.c.obj)
 .comment       0x00000079       0x7a zephyr/arch/arch/arm/core/aarch32/libarch__arm__core__aarch32.a(nmi.c.obj)
 .comment       0x00000079       0x7a zephyr/arch/arch/arm/core/aarch32/libarch__arm__core__aarch32.a(prep_c.c.obj)
 .comment       0x00000079       0x7a zephyr/arch/arch/arm/core/aarch32/libarch__arm__core__aarch32.a(swap.c.obj)
 .comment       0x00000079       0x7a zephyr/arch/arch/arm/core/aarch32/libarch__arm__core__aarch32.a(thread.c.obj)
 .comment       0x00000079       0x7a zephyr/arch/arch/arm/core/aarch32/cortex_m/libarch__arm__core__aarch32__cortex_m.a(fault.c.obj)
 .comment       0x00000079       0x7a zephyr/arch/arch/arm/core/aarch32/cortex_m/libarch__arm__core__aarch32__cortex_m.a(irq_init.c.obj)
 .comment       0x00000079       0x7a zephyr/arch/arch/arm/core/aarch32/cortex_m/libarch__arm__core__aarch32__cortex_m.a(scb.c.obj)
 .comment       0x00000079       0x7a zephyr/arch/arch/arm/core/aarch32/cortex_m/libarch__arm__core__aarch32__cortex_m.a(thread_abort.c.obj)
 .comment       0x00000079       0x7a zephyr/arch/arch/arm/core/aarch32/cortex_m/cmse/libarch__arm__core__aarch32__cortex_m__cmse.a(arm_core_cmse.c.obj)
 .comment       0x00000079       0x7a zephyr/arch/arch/arm/core/aarch32/mpu/libarch__arm__core__aarch32__mpu.a(arm_core_mpu.c.obj)
 .comment       0x00000079       0x7a zephyr/arch/arch/arm/core/aarch32/mpu/libarch__arm__core__aarch32__mpu.a(arm_mpu.c.obj)
 .comment       0x00000079       0x7a zephyr/lib/libc/minimal/liblib__libc__minimal.a(string.c.obj)
 .comment       0x00000079       0x7a zephyr/lib/libc/minimal/liblib__libc__minimal.a(stdout_console.c.obj)
 .comment       0x00000079       0x7a zephyr/soc/arm/common/cortex_m/libsoc__arm__common__cortex_m.a(arm_mpu_regions.c.obj)
 .comment       0x00000079       0x7a zephyr/drivers/clock_control/libdrivers__clock_control.a(clock_control_nrf.c.obj)
 .comment       0x00000079       0x7a zephyr/drivers/console/libdrivers__console.a(uart_console.c.obj)
 .comment       0x00000079       0x7a zephyr/drivers/gpio/libdrivers__gpio.a(gpio_nrfx.c.obj)
 .comment       0x00000079       0x7a zephyr/drivers/serial/libdrivers__serial.a(uart_nrfx_uarte.c.obj)
 .comment       0x00000079       0x7a zephyr/drivers/timer/libdrivers__timer.a(sys_clock_init.c.obj)
 .comment       0x00000079       0x7a zephyr/drivers/timer/libdrivers__timer.a(nrf_rtc_timer.c.obj)
 .comment       0x00000079       0x7a zephyr/drivers/pinctrl/libdrivers__pinctrl.a(common.c.obj)
 .comment       0x00000079       0x7a zephyr/drivers/pinctrl/libdrivers__pinctrl.a(pinctrl_nrf.c.obj)
 .comment       0x00000079       0x7a modules/nrf/lib/fatal_error/lib..__nrf__lib__fatal_error.a(fatal_error.c.obj)
 .comment       0x00000079       0x7a modules/nrf/drivers/hw_cc310/lib..__nrf__drivers__hw_cc310.a(hw_cc310.c.obj)
 .comment       0x00000079       0x7a modules/hal_nordic/nrfx/libmodules__hal_nordic__nrfx.a(system_nrf5340_application.c.obj)
 .comment       0x00000079       0x7a modules/hal_nordic/nrfx/libmodules__hal_nordic__nrfx.a(nrfx_glue.c.obj)
 .comment       0x00000079       0x7a modules/hal_nordic/nrfx/libmodules__hal_nordic__nrfx.a(nrfx_flag32_allocator.c.obj)
 .comment       0x00000079       0x7a modules/hal_nordic/nrfx/libmodules__hal_nordic__nrfx.a(nrfx_clock.c.obj)
 .comment       0x00000079       0x7a modules/hal_nordic/nrfx/libmodules__hal_nordic__nrfx.a(nrfx_dppi.c.obj)
 .comment       0x00000079       0x7a modules/hal_nordic/nrfx/libmodules__hal_nordic__nrfx.a(nrfx_gpiote.c.obj)
 .comment       0x00000079       0x7a zephyr/kernel/libkernel.a(device.c.obj)
 .comment       0x00000079       0x7a zephyr/kernel/libkernel.a(errno.c.obj)
 .comment       0x00000079       0x7a zephyr/kernel/libkernel.a(fatal.c.obj)
 .comment       0x00000079       0x7a zephyr/kernel/libkernel.a(init.c.obj)
 .comment       0x00000079       0x7a zephyr/kernel/libkernel.a(mem_slab.c.obj)
 .comment       0x00000079       0x7a zephyr/kernel/libkernel.a(thread.c.obj)
 .comment       0x00000079       0x7a zephyr/kernel/libkernel.a(idle.c.obj)
 .comment       0x00000079       0x7a zephyr/kernel/libkernel.a(mutex.c.obj)
 .comment       0x00000079       0x7a zephyr/kernel/libkernel.a(sem.c.obj)
 .comment       0x00000079       0x7a zephyr/kernel/libkernel.a(sched.c.obj)
 .comment       0x00000079       0x7a zephyr/kernel/libkernel.a(xip.c.obj)
 .comment       0x00000079       0x7a zephyr/kernel/libkernel.a(timeout.c.obj)
 .comment       0x00000079       0x7a zephyr/kernel/libkernel.a(banner.c.obj)
 .comment       0x00000079       0x7a zephyr/CMakeFiles/offsets.dir/./arch/arm/core/offsets/offsets.c.obj
 .comment       0x00000079       0x7a zephyr/arch/common/libisr_tables.a(isr_tables.c.obj)
 .comment       0x00000079       0x49 C:/nrf_workspace/test_git3/nrfxlib/crypto/nrf_cc312_platform/lib/cortex-m33/soft-float/no-interrupts/libnrf_cc312_platform_0.9.14.a(nrf_cc3xx_platform.c.obj)
                                 0x4a (size before relaxing)
 .comment       0x000000c2       0x4a C:/nrf_workspace/test_git3/nrfxlib/crypto/nrf_cc312_platform/lib/cortex-m33/soft-float/no-interrupts/libnrf_cc312_platform_0.9.14.a(nrf_cc3xx_platform_abort.c.obj)
 .comment       0x000000c2       0x4a C:/nrf_workspace/test_git3/nrfxlib/crypto/nrf_cc312_platform/lib/cortex-m33/soft-float/no-interrupts/libnrf_cc312_platform_0.9.14.a(nrf_cc3xx_platform_mutex.c.obj)
 .comment       0x000000c2       0x4a C:/nrf_workspace/test_git3/nrfxlib/crypto/nrf_cc312_platform/lib/cortex-m33/soft-float/no-interrupts/libnrf_cc312_platform_0.9.14.a(cc_lib.c.obj)
 .comment       0x000000c2       0x4a C:/nrf_workspace/test_git3/nrfxlib/crypto/nrf_cc312_platform/lib/cortex-m33/soft-float/no-interrupts/libnrf_cc312_platform_0.9.14.a(cc_hal.c.obj)
 .comment       0x000000c2       0x4a C:/nrf_workspace/test_git3/nrfxlib/crypto/nrf_cc312_platform/lib/cortex-m33/soft-float/no-interrupts/libnrf_cc312_platform_0.9.14.a(cc_pal.c.obj)
 .comment       0x000000c2       0x4a C:/nrf_workspace/test_git3/nrfxlib/crypto/nrf_cc312_platform/lib/cortex-m33/soft-float/no-interrupts/libnrf_cc312_platform_0.9.14.a(cc_pal_dma.c.obj)
 .comment       0x000000c2       0x4a C:/nrf_workspace/test_git3/nrfxlib/crypto/nrf_cc312_platform/lib/cortex-m33/soft-float/no-interrupts/libnrf_cc312_platform_0.9.14.a(cc_pal_mutex.c.obj)
 .comment       0x000000c2       0x4a C:/nrf_workspace/test_git3/nrfxlib/crypto/nrf_cc312_platform/lib/cortex-m33/soft-float/no-interrupts/libnrf_cc312_platform_0.9.14.a(cc_pal_pm.c.obj)
 .comment       0x000000c2       0x4a C:/nrf_workspace/test_git3/nrfxlib/crypto/nrf_cc312_platform/lib/cortex-m33/soft-float/no-interrupts/libnrf_cc312_platform_0.9.14.a(nrf_cc3xx_platform_ctr_drbg.c.obj)

.debug
 *(SORT_BY_ALIGNMENT(.debug))

.line
 *(SORT_BY_ALIGNMENT(.line))

.debug_srcinfo
 *(SORT_BY_ALIGNMENT(.debug_srcinfo))

.debug_sfnames
 *(SORT_BY_ALIGNMENT(.debug_sfnames))

.debug_aranges  0x00000000     0x13e8
 *(SORT_BY_ALIGNMENT(.debug_aranges))
 .debug_aranges
                0x00000000       0x20 zephyr/libzephyr.a(soc_nrf_common.S.obj)
 .debug_aranges
                0x00000020       0x30 zephyr/arch/arch/arm/core/aarch32/libarch__arm__core__aarch32.a(cpu_idle.S.obj)
 .debug_aranges
                0x00000050       0x20 zephyr/arch/arch/arm/core/aarch32/libarch__arm__core__aarch32.a(nmi_on_reset.S.obj)
 .debug_aranges
                0x00000070       0x28 zephyr/arch/arch/arm/core/aarch32/libarch__arm__core__aarch32.a(swap_helper.S.obj)
 .debug_aranges
                0x00000098       0x20 zephyr/arch/arch/arm/core/aarch32/libarch__arm__core__aarch32.a(isr_wrapper.S.obj)
 .debug_aranges
                0x000000b8       0x20 zephyr/arch/arch/arm/core/aarch32/cortex_m/libarch__arm__core__aarch32__cortex_m.a(exc_exit.S.obj)
 .debug_aranges
                0x000000d8       0x20 zephyr/arch/arch/arm/core/aarch32/cortex_m/libarch__arm__core__aarch32__cortex_m.a(fault_s.S.obj)
 .debug_aranges
                0x000000f8       0x20 zephyr/arch/arch/arm/core/aarch32/cortex_m/libarch__arm__core__aarch32__cortex_m.a(reset.S.obj)
 .debug_aranges
                0x00000118       0x20 app/libapp.a(main.c.obj)
 .debug_aranges
                0x00000138       0x28 zephyr/libzephyr.a(notify.c.obj)
 .debug_aranges
                0x00000160       0x68 zephyr/libzephyr.a(printk.c.obj)
 .debug_aranges
                0x000001c8       0x88 zephyr/libzephyr.a(onoff.c.obj)
 .debug_aranges
                0x00000250       0x20 zephyr/libzephyr.a(thread_entry.c.obj)
 .debug_aranges
                0x00000270       0x30 zephyr/libzephyr.a(cbprintf_complete.c.obj)
 .debug_aranges
                0x000002a0       0x20 zephyr/libzephyr.a(reboot.c.obj)
 .debug_aranges
                0x000002c0       0x20 zephyr/libzephyr.a(configs.c.obj)
 .debug_aranges
                0x000002e0       0x30 zephyr/libzephyr.a(soc.c.obj)
 .debug_aranges
                0x00000310       0x28 zephyr/libzephyr.a(power.c.obj)
 .debug_aranges
                0x00000338       0x58 zephyr/libzephyr.a(pm.c.obj)
 .debug_aranges
                0x00000390       0x60 zephyr/libzephyr.a(policy.c.obj)
 .debug_aranges
                0x000003f0       0x20 zephyr/libzephyr.a(state.c.obj)
 .debug_aranges
                0x00000410       0x28 zephyr/libzephyr.a(nrf_cc3xx_platform_abort_zephyr.c.obj)
 .debug_aranges
                0x00000438       0x40 zephyr/libzephyr.a(nrf_cc3xx_platform_mutex_zephyr.c.obj)
 .debug_aranges
                0x00000478       0x30 zephyr/arch/arch/arm/core/aarch32/libarch__arm__core__aarch32.a(fatal.c.obj)
 .debug_aranges
                0x000004a8       0x48 zephyr/arch/arch/arm/core/aarch32/libarch__arm__core__aarch32.a(irq_manage.c.obj)
 .debug_aranges
                0x000004f0       0x20 zephyr/arch/arch/arm/core/aarch32/libarch__arm__core__aarch32.a(nmi.c.obj)
 .debug_aranges
                0x00000510       0x20 zephyr/arch/arch/arm/core/aarch32/libarch__arm__core__aarch32.a(prep_c.c.obj)
 .debug_aranges